Archive member included to satisfy reference by file (symbol)

C:/ST/STM32CubeCLT_1.18.0/GNU-tools-for-STM32/bin/../lib/gcc/arm-none-eabi/13.3.1/../../../../arm-none-eabi/lib/thumb/v7e-m+fp/hard\libc_nano.a(libc_a-exit.o)
                              C:/ST/STM32CubeCLT_1.18.0/GNU-tools-for-STM32/bin/../lib/gcc/arm-none-eabi/13.3.1/../../../../arm-none-eabi/lib/thumb/v7e-m+fp/hard/crt0.o (exit)
C:/ST/STM32CubeCLT_1.18.0/GNU-tools-for-STM32/bin/../lib/gcc/arm-none-eabi/13.3.1/../../../../arm-none-eabi/lib/thumb/v7e-m+fp/hard\libc_nano.a(libc_a-findfp.o)
                              C:/ST/STM32CubeCLT_1.18.0/GNU-tools-for-STM32/bin/../lib/gcc/arm-none-eabi/13.3.1/../../../../arm-none-eabi/lib/thumb/v7e-m+fp/hard\libc_nano.a(libc_a-exit.o) (__stdio_exit_handler)
C:/ST/STM32CubeCLT_1.18.0/GNU-tools-for-STM32/bin/../lib/gcc/arm-none-eabi/13.3.1/../../../../arm-none-eabi/lib/thumb/v7e-m+fp/hard\libc_nano.a(libc_a-fwalk.o)
                              C:/ST/STM32CubeCLT_1.18.0/GNU-tools-for-STM32/bin/../lib/gcc/arm-none-eabi/13.3.1/../../../../arm-none-eabi/lib/thumb/v7e-m+fp/hard\libc_nano.a(libc_a-findfp.o) (_fwalk_sglue)
C:/ST/STM32CubeCLT_1.18.0/GNU-tools-for-STM32/bin/../lib/gcc/arm-none-eabi/13.3.1/../../../../arm-none-eabi/lib/thumb/v7e-m+fp/hard\libc_nano.a(libc_a-stdio.o)
                              C:/ST/STM32CubeCLT_1.18.0/GNU-tools-for-STM32/bin/../lib/gcc/arm-none-eabi/13.3.1/../../../../arm-none-eabi/lib/thumb/v7e-m+fp/hard\libc_nano.a(libc_a-findfp.o) (__sread)
C:/ST/STM32CubeCLT_1.18.0/GNU-tools-for-STM32/bin/../lib/gcc/arm-none-eabi/13.3.1/../../../../arm-none-eabi/lib/thumb/v7e-m+fp/hard\libc_nano.a(libc_a-memset.o)
                              C:/ST/STM32CubeCLT_1.18.0/GNU-tools-for-STM32/bin/../lib/gcc/arm-none-eabi/13.3.1/../../../../arm-none-eabi/lib/thumb/v7e-m+fp/hard/crt0.o (memset)
C:/ST/STM32CubeCLT_1.18.0/GNU-tools-for-STM32/bin/../lib/gcc/arm-none-eabi/13.3.1/../../../../arm-none-eabi/lib/thumb/v7e-m+fp/hard\libc_nano.a(libc_a-closer.o)
                              C:/ST/STM32CubeCLT_1.18.0/GNU-tools-for-STM32/bin/../lib/gcc/arm-none-eabi/13.3.1/../../../../arm-none-eabi/lib/thumb/v7e-m+fp/hard\libc_nano.a(libc_a-stdio.o) (_close_r)
C:/ST/STM32CubeCLT_1.18.0/GNU-tools-for-STM32/bin/../lib/gcc/arm-none-eabi/13.3.1/../../../../arm-none-eabi/lib/thumb/v7e-m+fp/hard\libc_nano.a(libc_a-reent.o)
                              C:/ST/STM32CubeCLT_1.18.0/GNU-tools-for-STM32/bin/../lib/gcc/arm-none-eabi/13.3.1/../../../../arm-none-eabi/lib/thumb/v7e-m+fp/hard\libc_nano.a(libc_a-closer.o) (errno)
C:/ST/STM32CubeCLT_1.18.0/GNU-tools-for-STM32/bin/../lib/gcc/arm-none-eabi/13.3.1/../../../../arm-none-eabi/lib/thumb/v7e-m+fp/hard\libc_nano.a(libc_a-impure.o)
                              C:/ST/STM32CubeCLT_1.18.0/GNU-tools-for-STM32/bin/../lib/gcc/arm-none-eabi/13.3.1/../../../../arm-none-eabi/lib/thumb/v7e-m+fp/hard\libc_nano.a(libc_a-reent.o) (_impure_ptr)
C:/ST/STM32CubeCLT_1.18.0/GNU-tools-for-STM32/bin/../lib/gcc/arm-none-eabi/13.3.1/../../../../arm-none-eabi/lib/thumb/v7e-m+fp/hard\libc_nano.a(libc_a-lseekr.o)
                              C:/ST/STM32CubeCLT_1.18.0/GNU-tools-for-STM32/bin/../lib/gcc/arm-none-eabi/13.3.1/../../../../arm-none-eabi/lib/thumb/v7e-m+fp/hard\libc_nano.a(libc_a-stdio.o) (_lseek_r)
C:/ST/STM32CubeCLT_1.18.0/GNU-tools-for-STM32/bin/../lib/gcc/arm-none-eabi/13.3.1/../../../../arm-none-eabi/lib/thumb/v7e-m+fp/hard\libc_nano.a(libc_a-readr.o)
                              C:/ST/STM32CubeCLT_1.18.0/GNU-tools-for-STM32/bin/../lib/gcc/arm-none-eabi/13.3.1/../../../../arm-none-eabi/lib/thumb/v7e-m+fp/hard\libc_nano.a(libc_a-stdio.o) (_read_r)
C:/ST/STM32CubeCLT_1.18.0/GNU-tools-for-STM32/bin/../lib/gcc/arm-none-eabi/13.3.1/../../../../arm-none-eabi/lib/thumb/v7e-m+fp/hard\libc_nano.a(libc_a-writer.o)
                              C:/ST/STM32CubeCLT_1.18.0/GNU-tools-for-STM32/bin/../lib/gcc/arm-none-eabi/13.3.1/../../../../arm-none-eabi/lib/thumb/v7e-m+fp/hard\libc_nano.a(libc_a-stdio.o) (_write_r)
C:/ST/STM32CubeCLT_1.18.0/GNU-tools-for-STM32/bin/../lib/gcc/arm-none-eabi/13.3.1/../../../../arm-none-eabi/lib/thumb/v7e-m+fp/hard\libc_nano.a(libc_a-init.o)
                              C:/ST/STM32CubeCLT_1.18.0/GNU-tools-for-STM32/bin/../lib/gcc/arm-none-eabi/13.3.1/../../../../arm-none-eabi/lib/thumb/v7e-m+fp/hard/crt0.o (__libc_init_array)
C:/ST/STM32CubeCLT_1.18.0/GNU-tools-for-STM32/bin/../lib/gcc/arm-none-eabi/13.3.1/../../../../arm-none-eabi/lib/thumb/v7e-m+fp/hard\libc_nano.a(libc_a-lock.o)
                              C:/ST/STM32CubeCLT_1.18.0/GNU-tools-for-STM32/bin/../lib/gcc/arm-none-eabi/13.3.1/../../../../arm-none-eabi/lib/thumb/v7e-m+fp/hard\libc_nano.a(libc_a-findfp.o) (__retarget_lock_init_recursive)
C:/ST/STM32CubeCLT_1.18.0/GNU-tools-for-STM32/bin/../lib/gcc/arm-none-eabi/13.3.1/../../../../arm-none-eabi/lib/thumb/v7e-m+fp/hard\libc_nano.a(libc_a-freer.o)
[...]
Memory Configuration

Name             Origin             Length             Attributes
RAM              0x20000000         0x00018000         xrw
RAM2             0x10000000         0x00008000         xrw
FLASH            0x08000000         0x00100000         xr
*default*        0x00000000         0xffffffff

Linker script and memory map

LOAD C:/ST/STM32CubeCLT_1.18.0/GNU-tools-for-STM32/bin/../lib/gcc/arm-none-eabi/13.3.1/thumb/v7e-m+fp/hard/crti.o
LOAD C:/ST/STM32CubeCLT_1.18.0/GNU-tools-for-STM32/bin/../lib/gcc/arm-none-eabi/13.3.1/thumb/v7e-m+fp/hard/crtbegin.o
LOAD C:/ST/STM32CubeCLT_1.18.0/GNU-tools-for-STM32/bin/../lib/gcc/arm-none-eabi/13.3.1/../../../../arm-none-eabi/lib/thumb/v7e-m+fp/hard/crt0.o
START GROUP
LOAD C:/ST/STM32CubeCLT_1.18.0/GNU-tools-for-STM32/bin/../lib/gcc/arm-none-eabi/13.3.1/../../../../arm-none-eabi/lib/thumb/v7e-m+fp/hard\libc_nano.a
LOAD C:/ST/STM32CubeCLT_1.18.0/GNU-tools-for-STM32/bin/../lib/gcc/arm-none-eabi/13.3.1/../../../../arm-none-eabi/lib/thumb/v7e-m+fp/hard\libm.a
END GROUP
LOAD cmake/stm32cubemx/CMakeFiles/STM32_Drivers.dir/__/__/Core/Src/system_stm32l4xx.c.obj
LOAD cmake/stm32cubemx/CMakeFiles/STM32_Drivers.dir/__/__/Drivers/STM32L4xx_HAL_Driver/Src/stm32l4xx_hal_i2c.c.obj
LOAD cmake/stm32cubemx/CMakeFiles/STM32_Drivers.dir/__/__/Drivers/STM32L4xx_HAL_Driver/Src/stm32l4xx_hal_i2c_ex.c.obj
LOAD cmake/stm32cubemx/CMakeFiles/STM32_Drivers.dir/__/__/Drivers/STM32L4xx_HAL_Driver/Src/stm32l4xx_hal.c.obj
LOAD cmake/stm32cubemx/CMakeFiles/STM32_Drivers.dir/__/__/Drivers/STM32L4xx_HAL_Driver/Src/stm32l4xx_hal_rcc.c.obj
LOAD cmake/stm32cubemx/CMakeFiles/STM32_Drivers.dir/__/__/Drivers/STM32L4xx_HAL_Driver/Src/stm32l4xx_hal_rcc_ex.c.obj
LOAD cmake/stm32cubemx/CMakeFiles/STM32_Drivers.dir/__/__/Drivers/STM32L4xx_HAL_Driver/Src/stm32l4xx_hal_flash.c.obj
LOAD cmake/stm32cubemx/CMakeFiles/STM32_Drivers.dir/__/__/Drivers/STM32L4xx_HAL_Driver/Src/stm32l4xx_hal_flash_ex.c.obj
LOAD cmake/stm32cubemx/CMakeFiles/STM32_Drivers.dir/__/__/Drivers/STM32L4xx_HAL_Driver/Src/stm32l4xx_hal_flash_ramfunc.c.obj
LOAD cmake/stm32cubemx/CMakeFiles/STM32_Drivers.dir/__/__/Drivers/STM32L4xx_HAL_Driver/Src/stm32l4xx_hal_gpio.c.obj
LOAD cmake/stm32cubemx/CMakeFiles/STM32_Drivers.dir/__/__/Drivers/STM32L4xx_HAL_Driver/Src/stm32l4xx_hal_dma.c.obj
LOAD cmake/stm32cubemx/CMakeFiles/STM32_Drivers.dir/__/__/Drivers/STM32L4xx_HAL_Driver/Src/stm32l4xx_hal_dma_ex.c.obj
LOAD cmake/stm32cubemx/CMakeFiles/STM32_Drivers.dir/__/__/Drivers/STM32L4xx_HAL_Driver/Src/stm32l4xx_hal_pwr.c.obj
LOAD cmake/stm32cubemx/CMakeFiles/STM32_Drivers.dir/__/__/Drivers/STM32L4xx_HAL_Driver/Src/stm32l4xx_hal_pwr_ex.c.obj
LOAD cmake/stm32cubemx/CMakeFiles/STM32_Drivers.dir/__/__/Drivers/STM32L4xx_HAL_Driver/Src/stm32l4xx_hal_cortex.c.obj
LOAD cmake/stm32cubemx/CMakeFiles/STM32_Drivers.dir/__/__/Drivers/STM32L4xx_HAL_Driver/Src/stm32l4xx_hal_exti.c.obj
LOAD cmake/stm32cubemx/CMakeFiles/STM32_Drivers.dir/__/__/Drivers/STM32L4xx_HAL_Driver/Src/stm32l4xx_hal_spi.c.obj
LOAD cmake/stm32cubemx/CMakeFiles/STM32_Drivers.dir/__/__/Drivers/STM32L4xx_HAL_Driver/Src/stm32l4xx_hal_spi_ex.c.obj
LOAD cmake/stm32cubemx/CMakeFiles/STM32_Drivers.dir/__/__/Drivers/STM32L4xx_HAL_Driver/Src/stm32l4xx_hal_uart.c.obj
LOAD cmake/stm32cubemx/CMakeFiles/STM32_Drivers.dir/__/__/Drivers/STM32L4xx_HAL_Driver/Src/stm32l4xx_hal_uart_ex.c.obj
LOAD CMakeFiles/Serial_Protocol_Baremetal.dir/Core/Src/main.c.obj
LOAD CMakeFiles/Serial_Protocol_Baremetal.dir/Core/Src/stm32l4xx_it.c.obj
LOAD CMakeFiles/Serial_Protocol_Baremetal.dir/Core/Src/stm32l4xx_hal_msp.c.obj
LOAD CMakeFiles/Serial_Protocol_Baremetal.dir/Core/Src/sysmem.c.obj
LOAD CMakeFiles/Serial_Protocol_Baremetal.dir/Core/Src/syscalls.c.obj
LOAD CMakeFiles/Serial_Protocol_Baremetal.dir/startup_stm32l476xx.s.obj
LOAD CMakeFiles/Serial_Protocol_Baremetal.dir/Core/Src/uart.c.obj
START GROUP
LOAD C:/ST/STM32CubeCLT_1.18.0/GNU-tools-for-STM32/bin/../lib/gcc/arm-none-eabi/13.3.1/thumb/v7e-m+fp/hard\libgcc.a
LOAD C:/ST/STM32CubeCLT_1.18.0/GNU-tools-for-STM32/bin/../lib/gcc/arm-none-eabi/13.3.1/../../../../arm-none-eabi/lib/thumb/v7e-m+fp/hard\libg_nano.a
LOAD C:/ST/STM32CubeCLT_1.18.0/GNU-tools-for-STM32/bin/../lib/gcc/arm-none-eabi/13.3.1/../../../../arm-none-eabi/lib/thumb/v7e-m+fp/hard\libc_nano.a
END GROUP
START GROUP
LOAD C:/ST/STM32CubeCLT_1.18.0/GNU-tools-for-STM32/bin/../lib/gcc/arm-none-eabi/13.3.1/thumb/v7e-m+fp/hard\libgcc.a
LOAD C:/ST/STM32CubeCLT_1.18.0/GNU-tools-for-STM32/bin/../lib/gcc/arm-none-eabi/13.3.1/../../../../arm-none-eabi/lib/thumb/v7e-m+fp/hard\libc_nano.a
END GROUP
LOAD C:/ST/STM32CubeCLT_1.18.0/GNU-tools-for-STM32/bin/../lib/gcc/arm-none-eabi/13.3.1/thumb/v7e-m+fp/hard/crtend.o
LOAD C:/ST/STM32CubeCLT_1.18.0/GNU-tools-for-STM32/bin/../lib/gcc/arm-none-eabi/13.3.1/thumb/v7e-m+fp/hard/crtn.o
                0x20018000                        _estack = (ORIGIN (RAM) + LENGTH (RAM))
                0x00000200                        _Min_Heap_Size = 0x200
                0x00000400                        _Min_Stack_Size = 0x400

.isr_vector     0x08000000      0x188
                0x08000000                        . = ALIGN (0x8)
 *(.isr_vector)
 .isr_vector    0x08000000      0x188 CMakeFiles/Serial_Protocol_Baremetal.dir/startup_stm32l476xx.s.obj
                0x08000000                g_pfnVectors
                0x08000188                        . = ALIGN (0x8)

.text           0x08000188     0x3400
                0x08000188                        . = ALIGN (0x8)
 *(.text)
 .text          0x08000188       0x40 C:/ST/STM32CubeCLT_1.18.0/GNU-tools-for-STM32/bin/../lib/gcc/arm-none-eabi/13.3.1/thumb/v7e-m+fp/hard/crtbegin.o
 .text          0x080001c8       0x30 C:/ST/STM32CubeCLT_1.18.0/GNU-tools-for-STM32/bin/../lib/gcc/arm-none-eabi/13.3.1/thumb/v7e-m+fp/hard\libgcc.a(_aeabi_uldivmod.o)
                0x080001c8                __aeabi_uldivmod
 .text          0x080001f8      0x2f8 C:/ST/STM32CubeCLT_1.18.0/GNU-tools-for-STM32/bin/../lib/gcc/arm-none-eabi/13.3.1/thumb/v7e-m+fp/hard\libgcc.a(_udivmoddi4.o)
                0x080001f8                __udivmoddi4
 .text          0x080004f0        0x4 C:/ST/STM32CubeCLT_1.18.0/GNU-tools-for-STM32/bin/../lib/gcc/arm-none-eabi/13.3.1/thumb/v7e-m+fp/hard\libgcc.a(_dvmd_tls.o)
                0x080004f0                __aeabi_idiv0
                0x080004f0                __aeabi_ldiv0
 *(.text*)
 .text.memset   0x080004f4       0x10 C:/ST/STM32CubeCLT_1.18.0/GNU-tools-for-STM32/bin/../lib/gcc/arm-none-eabi/13.3.1/../../../../arm-none-eabi/lib/thumb/v7e-m+fp/hard\libc_nano.a(libc_a-memset.o)
                0x080004f4                memset
 .text.__libc_init_array
                0x08000504       0x48 C:/ST/STM32CubeCLT_1.18.0/GNU-tools-for-STM32/bin/../lib/gcc/arm-none-eabi/13.3.1/../../../../arm-none-eabi/lib/thumb/v7e-m+fp/hard\libc_nano.a(libc_a-init.o)
                0x08000504                __libc_init_array
 .text.SystemInit
                0x0800054c       0x24 cmake/stm32cubemx/CMakeFiles/STM32_Drivers.dir/__/__/Core/Src/system_stm32l4xx.c.obj
                0x0800054c                SystemInit
 .text.HAL_I2C_Init
                0x08000570      0x136 cmake/stm32cubemx/CMakeFiles/STM32_Drivers.dir/__/__/Drivers/STM32L4xx_HAL_Driver/Src/stm32l4xx_hal_i2c.c.obj
                0x08000570                HAL_I2C_Init
 .text.HAL_I2CEx_ConfigAnalogFilter
                0x080006a6       0x96 cmake/stm32cubemx/CMakeFiles/STM32_Drivers.dir/__/__/Drivers/STM32L4xx_HAL_Driver/Src/stm32l4xx_hal_i2c_ex.c.obj
                0x080006a6                HAL_I2CEx_ConfigAnalogFilter
 .text.HAL_I2CEx_ConfigDigitalFilter
                0x0800073c       0x98 cmake/stm32cubemx/CMakeFiles/STM32_Drivers.dir/__/__/Drivers/STM32L4xx_HAL_Driver/Src/stm32l4xx_hal_i2c_ex.c.obj
                0x0800073c                HAL_I2CEx_ConfigDigitalFilter
 .text.HAL_Init
                0x080007d4       0x30 cmake/stm32cubemx/CMakeFiles/STM32_Drivers.dir/__/__/Drivers/STM32L4xx_HAL_Driver/Src/stm32l4xx_hal.c.obj
                0x080007d4                HAL_Init
 .text.HAL_InitTick
                0x08000804       0x78 cmake/stm32cubemx/CMakeFiles/STM32_Drivers.dir/__/__/Drivers/STM32L4xx_HAL_Driver/Src/stm32l4xx_hal.c.obj
                0x08000804                HAL_InitTick
 .text.HAL_IncTick
                0x0800087c       0x28 cmake/stm32cubemx/CMakeFiles/STM32_Drivers.dir/__/__/Drivers/STM32L4xx_HAL_Driver/Src/stm32l4xx_hal.c.obj
                0x0800087c                HAL_IncTick
 .text.HAL_GetTick
                0x080008a4       0x18 cmake/stm32cubemx/CMakeFiles/STM32_Drivers.dir/__/__/Drivers/STM32L4xx_HAL_Driver/Src/stm32l4xx_hal.c.obj
                0x080008a4                HAL_GetTick
 .text.HAL_RCC_OscConfig
                0x080008bc      0x7b8 cmake/stm32cubemx/CMakeFiles/STM32_Drivers.dir/__/__/Drivers/STM32L4xx_HAL_Driver/Src/stm32l4xx_hal_rcc.c.obj
                0x080008bc                HAL_RCC_OscConfig
 .text.HAL_RCC_ClockConfig
                0x08001074      0x200 cmake/stm32cubemx/CMakeFiles/STM32_Drivers.dir/__/__/Drivers/STM32L4xx_HAL_Driver/Src/stm32l4xx_hal_rcc.c.obj
                0x08001074                HAL_RCC_ClockConfig
 .text.HAL_RCC_GetSysClockFreq
                0x08001274      0x118 cmake/stm32cubemx/CMakeFiles/STM32_Drivers.dir/__/__/Drivers/STM32L4xx_HAL_Driver/Src/stm32l4xx_hal_rcc.c.obj
                0x08001274                HAL_RCC_GetSysClockFreq
 .text.HAL_RCC_GetHCLKFreq
                0x0800138c       0x18 cmake/stm32cubemx/CMakeFiles/STM32_Drivers.dir/__/__/Drivers/STM32L4xx_HAL_Driver/Src/stm32l4xx_hal_rcc.c.obj
                0x0800138c                HAL_RCC_GetHCLKFreq
 .text.HAL_RCC_GetPCLK1Freq
                0x080013a4       0x2c cmake/stm32cubemx/CMakeFiles/STM32_Drivers.dir/__/__/Drivers/STM32L4xx_HAL_Driver/Src/stm32l4xx_hal_rcc.c.obj
                0x080013a4                HAL_RCC_GetPCLK1Freq
 .text.HAL_RCC_GetPCLK2Freq
                0x080013d0       0x2c cmake/stm32cubemx/CMakeFiles/STM32_Drivers.dir/__/__/Drivers/STM32L4xx_HAL_Driver/Src/stm32l4xx_hal_rcc.c.obj
                0x080013d0                HAL_RCC_GetPCLK2Freq
 .text.RCC_SetFlashLatencyFromMSIRange
                0x080013fc       0xc0 cmake/stm32cubemx/CMakeFiles/STM32_Drivers.dir/__/__/Drivers/STM32L4xx_HAL_Driver/Src/stm32l4xx_hal_rcc.c.obj
 .text.HAL_RCCEx_PeriphCLKConfig
                0x080014bc      0x5d4 cmake/stm32cubemx/CMakeFiles/STM32_Drivers.dir/__/__/Drivers/STM32L4xx_HAL_Driver/Src/stm32l4xx_hal_rcc_ex.c.obj
                0x080014bc                HAL_RCCEx_PeriphCLKConfig
 .text.RCCEx_PLLSAI1_Config
                0x08001a90      0x1e8 cmake/stm32cubemx/CMakeFiles/STM32_Drivers.dir/__/__/Drivers/STM32L4xx_HAL_Driver/Src/stm32l4xx_hal_rcc_ex.c.obj
 .text.RCCEx_PLLSAI2_Config
                0x08001c78      0x1bc cmake/stm32cubemx/CMakeFiles/STM32_Drivers.dir/__/__/Drivers/STM32L4xx_HAL_Driver/Src/stm32l4xx_hal_rcc_ex.c.obj
 .text.HAL_GPIO_Init
                0x08001e34      0x354 cmake/stm32cubemx/CMakeFiles/STM32_Drivers.dir/__/__/Drivers/STM32L4xx_HAL_Driver/Src/stm32l4xx_hal_gpio.c.obj
                0x08001e34                HAL_GPIO_Init
 .text.HAL_GPIO_WritePin
                0x08002188       0x30 cmake/stm32cubemx/CMakeFiles/STM32_Drivers.dir/__/__/Drivers/STM32L4xx_HAL_Driver/Src/stm32l4xx_hal_gpio.c.obj
                0x08002188                HAL_GPIO_WritePin
 .text.HAL_PWREx_GetVoltageRange
                0x080021b8       0x1c cmake/stm32cubemx/CMakeFiles/STM32_Drivers.dir/__/__/Drivers/STM32L4xx_HAL_Driver/Src/stm32l4xx_hal_pwr_ex.c.obj
                0x080021b8                HAL_PWREx_GetVoltageRange
 .text.HAL_PWREx_ControlVoltageScaling
                0x080021d4       0xac cmake/stm32cubemx/CMakeFiles/STM32_Drivers.dir/__/__/Drivers/STM32L4xx_HAL_Driver/Src/stm32l4xx_hal_pwr_ex.c.obj
                0x080021d4                HAL_PWREx_ControlVoltageScaling
 .text.__NVIC_SetPriorityGrouping
                0x08002280       0x48 cmake/stm32cubemx/CMakeFiles/STM32_Drivers.dir/__/__/Drivers/STM32L4xx_HAL_Driver/Src/stm32l4xx_hal_cortex.c.obj
 .text.__NVIC_GetPriorityGrouping
                0x080022c8       0x1c cmake/stm32cubemx/CMakeFiles/STM32_Drivers.dir/__/__/Drivers/STM32L4xx_HAL_Driver/Src/stm32l4xx_hal_cortex.c.obj
 .text.__NVIC_SetPriority
                0x080022e4       0x54 cmake/stm32cubemx/CMakeFiles/STM32_Drivers.dir/__/__/Drivers/STM32L4xx_HAL_Driver/Src/stm32l4xx_hal_cortex.c.obj
 .text.NVIC_EncodePriority
                0x08002338       0x66 cmake/stm32cubemx/CMakeFiles/STM32_Drivers.dir/__/__/Drivers/STM32L4xx_HAL_Driver/Src/stm32l4xx_hal_cortex.c.obj
 *fill*         0x0800239e        0x2 
 .text.SysTick_Config
                0x080023a0       0x44 cmake/stm32cubemx/CMakeFiles/STM32_Drivers.dir/__/__/Drivers/STM32L4xx_HAL_Driver/Src/stm32l4xx_hal_cortex.c.obj
 .text.HAL_NVIC_SetPriorityGrouping
                0x080023e4       0x16 cmake/stm32cubemx/CMakeFiles/STM32_Drivers.dir/__/__/Drivers/STM32L4xx_HAL_Driver/Src/stm32l4xx_hal_cortex.c.obj
                0x080023e4                HAL_NVIC_SetPriorityGrouping
 .text.HAL_NVIC_SetPriority
                0x080023fa       0x38 cmake/stm32cubemx/CMakeFiles/STM32_Drivers.dir/__/__/Drivers/STM32L4xx_HAL_Driver/Src/stm32l4xx_hal_cortex.c.obj
                0x080023fa                HAL_NVIC_SetPriority
 .text.HAL_SYSTICK_Config
                0x08002432       0x18 cmake/stm32cubemx/CMakeFiles/STM32_Drivers.dir/__/__/Drivers/STM32L4xx_HAL_Driver/Src/stm32l4xx_hal_cortex.c.obj
                0x08002432                HAL_SYSTICK_Config
 .text.HAL_SPI_Init
                0x0800244a      0x146 cmake/stm32cubemx/CMakeFiles/STM32_Drivers.dir/__/__/Drivers/STM32L4xx_HAL_Driver/Src/stm32l4xx_hal_spi.c.obj
                0x0800244a                HAL_SPI_Init
 .text.HAL_UART_Init
                0x08002590       0x9c cmake/stm32cubemx/CMakeFiles/STM32_Drivers.dir/__/__/Drivers/STM32L4xx_HAL_Driver/Src/stm32l4xx_hal_uart.c.obj
                0x08002590                HAL_UART_Init
 .text.UART_SetConfig
                0x0800262c      0x570 cmake/stm32cubemx/CMakeFiles/STM32_Drivers.dir/__/__/Drivers/STM32L4xx_HAL_Driver/Src/stm32l4xx_hal_uart.c.obj
                0x0800262c                UART_SetConfig
 .text.UART_AdvFeatureConfig
                0x08002b9c      0x144 cmake/stm32cubemx/CMakeFiles/STM32_Drivers.dir/__/__/Drivers/STM32L4xx_HAL_Driver/Src/stm32l4xx_hal_uart.c.obj
                0x08002b9c                UART_AdvFeatureConfig
 .text.UART_CheckIdleState
                0x08002ce0      0x150 cmake/stm32cubemx/CMakeFiles/STM32_Drivers.dir/__/__/Drivers/STM32L4xx_HAL_Driver/Src/stm32l4xx_hal_uart.c.obj
                0x08002ce0                UART_CheckIdleState
 .text.UART_WaitOnFlagUntilTimeout
                0x08002e30       0xda cmake/stm32cubemx/CMakeFiles/STM32_Drivers.dir/__/__/Drivers/STM32L4xx_HAL_Driver/Src/stm32l4xx_hal_uart.c.obj
                0x08002e30                UART_WaitOnFlagUntilTimeout
 .text.UART_EndRxTransfer
                0x08002f0a       0xc8 cmake/stm32cubemx/CMakeFiles/STM32_Drivers.dir/__/__/Drivers/STM32L4xx_HAL_Driver/Src/stm32l4xx_hal_uart.c.obj
 .text.main     0x08002fd2       0x20 CMakeFiles/Serial_Protocol_Baremetal.dir/Core/Src/main.c.obj
                0x08002fd2                main
 .text.SystemClock_Config
                0x08002ff2       0x8c CMakeFiles/Serial_Protocol_Baremetal.dir/Core/Src/main.c.obj
                0x08002ff2                SystemClock_Config
 *fill*         0x0800307e        0x2 
 .text.MX_I2C1_Init
                0x08003080       0x80 CMakeFiles/Serial_Protocol_Baremetal.dir/Core/Src/main.c.obj
 .text.MX_SPI1_Init
                0x08003100       0x7c CMakeFiles/Serial_Protocol_Baremetal.dir/Core/Src/main.c.obj
 .text.MX_UART4_Init
                0x0800317c       0x60 CMakeFiles/Serial_Protocol_Baremetal.dir/Core/Src/main.c.obj
 .text.MX_GPIO_Init
                0x080031dc       0x94 CMakeFiles/Serial_Protocol_Baremetal.dir/Core/Src/main.c.obj
 .text.Error_Handler
                0x08003270        0xc CMakeFiles/Serial_Protocol_Baremetal.dir/Core/Src/main.c.obj
                0x08003270                Error_Handler
 .text.NMI_Handler
                0x0800327c        0x8 CMakeFiles/Serial_Protocol_Baremetal.dir/Core/Src/stm32l4xx_it.c.obj
                0x0800327c                NMI_Handler
 .text.HardFault_Handler
                0x08003284        0x8 CMakeFiles/Serial_Protocol_Baremetal.dir/Core/Src/stm32l4xx_it.c.obj
                0x08003284                HardFault_Handler
 .text.MemManage_Handler
                0x0800328c        0x8 CMakeFiles/Serial_Protocol_Baremetal.dir/Core/Src/stm32l4xx_it.c.obj
                0x0800328c                MemManage_Handler
 .text.BusFault_Handler
                0x08003294        0x8 CMakeFiles/Serial_Protocol_Baremetal.dir/Core/Src/stm32l4xx_it.c.obj
                0x08003294                BusFault_Handler
 .text.UsageFault_Handler
                0x0800329c        0x8 CMakeFiles/Serial_Protocol_Baremetal.dir/Core/Src/stm32l4xx_it.c.obj
                0x0800329c                UsageFault_Handler
 .text.SVC_Handler
                0x080032a4        0xe CMakeFiles/Serial_Protocol_Baremetal.dir/Core/Src/stm32l4xx_it.c.obj
                0x080032a4                SVC_Handler
 .text.DebugMon_Handler
                0x080032b2        0xe CMakeFiles/Serial_Protocol_Baremetal.dir/Core/Src/stm32l4xx_it.c.obj
                0x080032b2                DebugMon_Handler
 .text.PendSV_Handler
                0x080032c0        0xe CMakeFiles/Serial_Protocol_Baremetal.dir/Core/Src/stm32l4xx_it.c.obj
                0x080032c0                PendSV_Handler
 .text.SysTick_Handler
                0x080032ce        0xc CMakeFiles/Serial_Protocol_Baremetal.dir/Core/Src/stm32l4xx_it.c.obj
                0x080032ce                SysTick_Handler
 *fill*         0x080032da        0x2 
 .text.HAL_MspInit
                0x080032dc       0x48 CMakeFiles/Serial_Protocol_Baremetal.dir/Core/Src/stm32l4xx_hal_msp.c.obj
                0x080032dc                HAL_MspInit
 .text.HAL_I2C_MspInit
                0x08003324       0xbc CMakeFiles/Serial_Protocol_Baremetal.dir/Core/Src/stm32l4xx_hal_msp.c.obj
                0x08003324                HAL_I2C_MspInit
 .text.HAL_SPI_MspInit
                0x080033e0       0x84 CMakeFiles/Serial_Protocol_Baremetal.dir/Core/Src/stm32l4xx_hal_msp.c.obj
                0x080033e0                HAL_SPI_MspInit
 .text.HAL_UART_MspInit
                0x08003464       0xb8 CMakeFiles/Serial_Protocol_Baremetal.dir/Core/Src/stm32l4xx_hal_msp.c.obj
                0x08003464                HAL_UART_MspInit
 .text.Reset_Handler
                0x0800351c       0x50 CMakeFiles/Serial_Protocol_Baremetal.dir/startup_stm32l476xx.s.obj
                0x0800351c                Reset_Handler
 .text.Default_Handler
                0x0800356c        0x2 CMakeFiles/Serial_Protocol_Baremetal.dir/startup_stm32l476xx.s.obj
                0x0800356c                RTC_Alarm_IRQHandler
                0x0800356c                EXTI2_IRQHandler
                0x0800356c                TIM8_TRG_COM_IRQHandler
                0x0800356c                TIM8_CC_IRQHandler
                0x0800356c                TIM1_CC_IRQHandler
                0x0800356c                TSC_IRQHandler
                0x0800356c                TAMP_STAMP_IRQHandler
                0x0800356c                EXTI3_IRQHandler
                0x0800356c                LPTIM2_IRQHandler
                0x0800356c                DFSDM1_FLT1_IRQHandler
                0x0800356c                I2C3_ER_IRQHandler
                0x0800356c                DFSDM1_FLT2_IRQHandler
                0x0800356c                EXTI0_IRQHandler
                0x0800356c                I2C2_EV_IRQHandler
                0x0800356c                CAN1_RX0_IRQHandler
                0x0800356c                FPU_IRQHandler
                0x0800356c                TIM1_UP_TIM16_IRQHandler
                0x0800356c                ADC1_2_IRQHandler
                0x0800356c                SPI1_IRQHandler
                0x0800356c                TIM6_DAC_IRQHandler
                0x0800356c                TIM8_UP_IRQHandler
                0x0800356c                DMA2_Channel2_IRQHandler
                0x0800356c                DMA1_Channel4_IRQHandler
                0x0800356c                SAI2_IRQHandler
                0x0800356c                DFSDM1_FLT3_IRQHandler
                0x0800356c                USART3_IRQHandler
                0x0800356c                DMA1_Channel7_IRQHandler
                0x0800356c                CAN1_RX1_IRQHandler
                0x0800356c                LCD_IRQHandler
                0x0800356c                UART5_IRQHandler
                0x0800356c                ADC3_IRQHandler
                0x0800356c                TIM4_IRQHandler
                0x0800356c                DMA2_Channel1_IRQHandler
                0x0800356c                QUADSPI_IRQHandler
                0x0800356c                I2C1_EV_IRQHandler
                0x0800356c                DMA1_Channel6_IRQHandler
                0x0800356c                UART4_IRQHandler
                0x0800356c                DMA2_Channel4_IRQHandler
                0x0800356c                TIM3_IRQHandler
                0x0800356c                RCC_IRQHandler
                0x0800356c                DMA1_Channel1_IRQHandler
                0x0800356c                Default_Handler
                0x0800356c                DMA2_Channel7_IRQHandler
                0x0800356c                EXTI15_10_IRQHandler
                0x0800356c                TIM7_IRQHandler
                0x0800356c                SDMMC1_IRQHandler
                0x0800356c                TIM5_IRQHandler
                0x0800356c                I2C3_EV_IRQHandler
                0x0800356c                EXTI9_5_IRQHandler
                0x0800356c                RTC_WKUP_IRQHandler
                0x0800356c                PVD_PVM_IRQHandler
                0x0800356c                SPI2_IRQHandler
                0x0800356c                CAN1_TX_IRQHandler
                0x0800356c                DMA2_Channel5_IRQHandler
                0x0800356c                DMA1_Channel5_IRQHandler
                0x0800356c                EXTI4_IRQHandler
                0x0800356c                RNG_IRQHandler
                0x0800356c                TIM1_TRG_COM_TIM17_IRQHandler
                0x0800356c                DMA1_Channel3_IRQHandler
                0x0800356c                COMP_IRQHandler
                0x0800356c                WWDG_IRQHandler
                0x0800356c                LPUART1_IRQHandler
                0x0800356c                DMA2_Channel6_IRQHandler
                0x0800356c                TIM2_IRQHandler
                0x0800356c                EXTI1_IRQHandler
                0x0800356c                USART2_IRQHandler
                0x0800356c                DFSDM1_FLT0_IRQHandler
                0x0800356c                I2C2_ER_IRQHandler
                0x0800356c                DMA1_Channel2_IRQHandler
                0x0800356c                TIM8_BRK_IRQHandler
                0x0800356c                CAN1_SCE_IRQHandler
                0x0800356c                FLASH_IRQHandler
                0x0800356c                USART1_IRQHandler
                0x0800356c                OTG_FS_IRQHandler
                0x0800356c                SPI3_IRQHandler
                0x0800356c                I2C1_ER_IRQHandler
                0x0800356c                FMC_IRQHandler
                0x0800356c                SWPMI1_IRQHandler
                0x0800356c                LPTIM1_IRQHandler
                0x0800356c                SAI1_IRQHandler
                0x0800356c                DMA2_Channel3_IRQHandler
                0x0800356c                TIM1_BRK_TIM15_IRQHandler
 *(.glue_7)
 .glue_7        0x0800356e        0x0 linker stubs
 *(.glue_7t)
 .glue_7t       0x0800356e        0x0 linker stubs
 *(.eh_frame)
 *fill*         0x0800356e        0x2 
 .eh_frame      0x08003570        0x0 C:/ST/STM32CubeCLT_1.18.0/GNU-tools-for-STM32/bin/../lib/gcc/arm-none-eabi/13.3.1/thumb/v7e-m+fp/hard/crtbegin.o
 *(.init)
 .init          0x08003570        0x4 C:/ST/STM32CubeCLT_1.18.0/GNU-tools-for-STM32/bin/../lib/gcc/arm-none-eabi/13.3.1/thumb/v7e-m+fp/hard/crti.o
                0x08003570                _init
 .init          0x08003574        0x8 C:/ST/STM32CubeCLT_1.18.0/GNU-tools-for-STM32/bin/../lib/gcc/arm-none-eabi/13.3.1/thumb/v7e-m+fp/hard/crtn.o
 *(.fini)
 .fini          0x0800357c        0x4 C:/ST/STM32CubeCLT_1.18.0/GNU-tools-for-STM32/bin/../lib/gcc/arm-none-eabi/13.3.1/thumb/v7e-m+fp/hard/crti.o
                0x0800357c                _fini
 .fini          0x08003580        0x8 C:/ST/STM32CubeCLT_1.18.0/GNU-tools-for-STM32/bin/../lib/gcc/arm-none-eabi/13.3.1/thumb/v7e-m+fp/hard/crtn.o
                0x08003588                        . = ALIGN (0x8)
                0x08003588                        _etext = .

.vfp11_veneer   0x08003588        0x0
 .vfp11_veneer  0x08003588        0x0 linker stubs

.v4_bx          0x08003588        0x0
 .v4_bx         0x08003588        0x0 linker stubs

.iplt           0x08003588        0x0
 .iplt          0x08003588        0x0 C:/ST/STM32CubeCLT_1.18.0/GNU-tools-for-STM32/bin/../lib/gcc/arm-none-eabi/13.3.1/thumb/v7e-m+fp/hard/crtbegin.o

.rodata         0x08003588       0x48
                0x08003588                        . = ALIGN (0x8)
 *(.rodata)
 *(.rodata*)
 .rodata.AHBPrescTable
                0x08003588       0x10 cmake/stm32cubemx/CMakeFiles/STM32_Drivers.dir/__/__/Core/Src/system_stm32l4xx.c.obj
                0x08003588                AHBPrescTable
 .rodata.APBPrescTable
                0x08003598        0x8 cmake/stm32cubemx/CMakeFiles/STM32_Drivers.dir/__/__/Core/Src/system_stm32l4xx.c.obj
                0x08003598                APBPrescTable
 .rodata.MSIRangeTable
                0x080035a0       0x30 cmake/stm32cubemx/CMakeFiles/STM32_Drivers.dir/__/__/Core/Src/system_stm32l4xx.c.obj
                0x080035a0                MSIRangeTable
                0x080035d0                        . = ALIGN (0x8)

.ARM.extab      0x080035d0        0x0
                0x080035d0                        . = ALIGN (0x8)
 *(.ARM.extab* .gnu.linkonce.armextab.*)
                0x080035d0                        . = ALIGN (0x8)

.ARM            0x080035d0        0x8
                0x080035d0                        . = ALIGN (0x8)
                0x080035d0                        __exidx_start = .
 *(.ARM.exidx*)
 .ARM.exidx     0x080035d0        0x8 C:/ST/STM32CubeCLT_1.18.0/GNU-tools-for-STM32/bin/../lib/gcc/arm-none-eabi/13.3.1/thumb/v7e-m+fp/hard\libgcc.a(_udivmoddi4.o)
                0x080035d8                        __exidx_end = .
                0x080035d8                        . = ALIGN (0x8)

.preinit_array  0x080035d8        0x0
                0x080035d8                        . = ALIGN (0x8)
                0x080035d8                        PROVIDE (__preinit_array_start = .)
 *(.preinit_array*)
                0x080035d8                        PROVIDE (__preinit_array_end = .)
                0x080035d8                        . = ALIGN (0x8)

.init_array     0x080035d8        0x8
                0x080035d8                        . = ALIGN (0x8)
                0x080035d8                        PROVIDE (__init_array_start = .)
 *(SORT_BY_NAME(.init_array.*))
 *(.init_array*)
 .init_array    0x080035d8        0x4 C:/ST/STM32CubeCLT_1.18.0/GNU-tools-for-STM32/bin/../lib/gcc/arm-none-eabi/13.3.1/thumb/v7e-m+fp/hard/crtbegin.o
                0x080035dc                        PROVIDE (__init_array_end = .)
                0x080035e0                        . = ALIGN (0x8)
 *fill*         0x080035dc        0x4 

.fini_array     0x080035e0        0x8
                0x080035e0                        . = ALIGN (0x8)
                [!provide]                        PROVIDE (__fini_array_start = .)
 *(SORT_BY_NAME(.fini_array.*))
 *(.fini_array*)
 .fini_array    0x080035e0        0x4 C:/ST/STM32CubeCLT_1.18.0/GNU-tools-for-STM32/bin/../lib/gcc/arm-none-eabi/13.3.1/thumb/v7e-m+fp/hard/crtbegin.o
                [!provide]                        PROVIDE (__fini_array_end = .)
                0x080035e8                        . = ALIGN (0x8)
 *fill*         0x080035e4        0x4 
                0x080035e8                        _sidata = LOADADDR (.data)

.rel.dyn        0x080035e8        0x0
 .rel.iplt      0x080035e8        0x0 C:/ST/STM32CubeCLT_1.18.0/GNU-tools-for-STM32/bin/../lib/gcc/arm-none-eabi/13.3.1/thumb/v7e-m+fp/hard/crtbegin.o

.data           0x20000000       0x10 load address 0x080035e8
                0x20000000                        . = ALIGN (0x8)
                0x20000000                        _sdata = .
 *(.data)
 *(.data*)
 .data.SystemCoreClock
                0x20000000        0x4 cmake/stm32cubemx/CMakeFiles/STM32_Drivers.dir/__/__/Core/Src/system_stm32l4xx.c.obj
                0x20000000                SystemCoreClock
 .data.uwTickPrio
                0x20000004        0x4 cmake/stm32cubemx/CMakeFiles/STM32_Drivers.dir/__/__/Drivers/STM32L4xx_HAL_Driver/Src/stm32l4xx_hal.c.obj
                0x20000004                uwTickPrio
 .data.uwTickFreq
                0x20000008        0x1 cmake/stm32cubemx/CMakeFiles/STM32_Drivers.dir/__/__/Drivers/STM32L4xx_HAL_Driver/Src/stm32l4xx_hal.c.obj
                0x20000008                uwTickFreq
 *(.RamFunc)
 *(.RamFunc*)
                0x20000010                        . = ALIGN (0x8)
 *fill*         0x20000009        0x7 
                0x20000010                        _edata = .

.igot.plt       0x20000010        0x0 load address 0x080035f8
 .igot.plt      0x20000010        0x0 C:/ST/STM32CubeCLT_1.18.0/GNU-tools-for-STM32/bin/../lib/gcc/arm-none-eabi/13.3.1/thumb/v7e-m+fp/hard/crtbegin.o
                0x20000010                        . = ALIGN (0x4)

.bss            0x20000010      0x160 load address 0x080035f8
                0x20000010                        _sbss = .
                0x20000010                        __bss_start__ = _sbss
 *(.bss)
 .bss           0x20000010       0x1c C:/ST/STM32CubeCLT_1.18.0/GNU-tools-for-STM32/bin/../lib/gcc/arm-none-eabi/13.3.1/thumb/v7e-m+fp/hard/crtbegin.o
 *(.bss*)
 .bss.uwTick    0x2000002c        0x4 cmake/stm32cubemx/CMakeFiles/STM32_Drivers.dir/__/__/Drivers/STM32L4xx_HAL_Driver/Src/stm32l4xx_hal.c.obj
                0x2000002c                uwTick
 .bss.hi2c1     0x20000030       0x54 CMakeFiles/Serial_Protocol_Baremetal.dir/Core/Src/main.c.obj
                0x20000030                hi2c1
 .bss.hspi1     0x20000084       0x64 CMakeFiles/Serial_Protocol_Baremetal.dir/Core/Src/main.c.obj
                0x20000084                hspi1
 .bss.huart4    0x200000e8       0x88 CMakeFiles/Serial_Protocol_Baremetal.dir/Core/Src/main.c.obj
                0x200000e8                huart4
 *(COMMON)
                0x20000170                        . = ALIGN (0x4)
                0x20000170                        _ebss = .
                0x20000170                        __bss_end__ = _ebss

._user_heap_stack
                0x20000170      0x600 load address 0x080035f8
                0x20000170                        . = ALIGN (0x8)
                [!provide]                        PROVIDE (end = .)
                0x20000170                        PROVIDE (_end = .)
                0x20000370                        . = (. + _Min_Heap_Size)
 *fill*         0x20000170      0x200 
                0x20000770                        . = (. + _Min_Stack_Size)
 *fill*         0x20000370      0x400 
                0x20000770                        . = ALIGN (0x8)

/DISCARD/
 libc.a(*)
 libm.a(*)
 libgcc.a(*)
OUTPUT(Serial_Protocol_Baremetal.elf elf32-littlearm)
LOAD linker stubs
LOAD C:/ST/STM32CubeCLT_1.18.0/GNU-tools-for-STM32/bin/../lib/gcc/arm-none-eabi/13.3.1/../../../../arm-none-eabi/lib/thumb/v7e-m+fp/hard\libc.a
LOAD C:/ST/STM32CubeCLT_1.18.0/GNU-tools-for-STM32/bin/../lib/gcc/arm-none-eabi/13.3.1/../../../../arm-none-eabi/lib/thumb/v7e-m+fp/hard\libm.a
LOAD C:/ST/STM32CubeCLT_1.18.0/GNU-tools-for-STM32/bin/../lib/gcc/arm-none-eabi/13.3.1/thumb/v7e-m+fp/hard\libgcc.a

.ARM.attributes
                0x00000000       0x30
 .ARM.attributes
                0x00000000       0x22 C:/ST/STM32CubeCLT_1.18.0/GNU-tools-for-STM32/bin/../lib/gcc/arm-none-eabi/13.3.1/thumb/v7e-m+fp/hard/crti.o
 .ARM.attributes
                0x00000022       0x34 C:/ST/STM32CubeCLT_1.18.0/GNU-tools-for-STM32/bin/../lib/gcc/arm-none-eabi/13.3.1/thumb/v7e-m+fp/hard/crtbegin.o
 .ARM.attributes
                0x00000056       0x34 C:/ST/STM32CubeCLT_1.18.0/GNU-tools-for-STM32/bin/../lib/gcc/arm-none-eabi/13.3.1/../../../../arm-none-eabi/lib/thumb/v7e-m+fp/hard\libc_nano.a(libc_a-memset.o)
 .ARM.attributes
                0x0000008a       0x34 C:/ST/STM32CubeCLT_1.18.0/GNU-tools-for-STM32/bin/../lib/gcc/arm-none-eabi/13.3.1/../../../../arm-none-eabi/lib/thumb/v7e-m+fp/hard\libc_nano.a(libc_a-init.o)
 .ARM.attributes
                0x000000be       0x34 cmake/stm32cubemx/CMakeFiles/STM32_Drivers.dir/__/__/Core/Src/system_stm32l4xx.c.obj
 .ARM.attributes
                0x000000f2       0x34 cmake/stm32cubemx/CMakeFiles/STM32_Drivers.dir/__/__/Drivers/STM32L4xx_HAL_Driver/Src/stm32l4xx_hal_i2c.c.obj
 .ARM.attributes
                0x00000126       0x34 cmake/stm32cubemx/CMakeFiles/STM32_Drivers.dir/__/__/Drivers/STM32L4xx_HAL_Driver/Src/stm32l4xx_hal_i2c_ex.c.obj
 .ARM.attributes
                0x0000015a       0x34 cmake/stm32cubemx/CMakeFiles/STM32_Drivers.dir/__/__/Drivers/STM32L4xx_HAL_Driver/Src/stm32l4xx_hal.c.obj
 .ARM.attributes
                0x0000018e       0x34 cmake/stm32cubemx/CMakeFiles/STM32_Drivers.dir/__/__/Drivers/STM32L4xx_HAL_Driver/Src/stm32l4xx_hal_rcc.c.obj
 .ARM.attributes
                0x000001c2       0x34 cmake/stm32cubemx/CMakeFiles/STM32_Drivers.dir/__/__/Drivers/STM32L4xx_HAL_Driver/Src/stm32l4xx_hal_rcc_ex.c.obj
 .ARM.attributes
                0x000001f6       0x34 cmake/stm32cubemx/CMakeFiles/STM32_Drivers.dir/__/__/Drivers/STM32L4xx_HAL_Driver/Src/stm32l4xx_hal_gpio.c.obj
 .ARM.attributes
                0x0000022a       0x34 cmake/stm32cubemx/CMakeFiles/STM32_Drivers.dir/__/__/Drivers/STM32L4xx_HAL_Driver/Src/stm32l4xx_hal_pwr_ex.c.obj
 .ARM.attributes
                0x0000025e       0x34 cmake/stm32cubemx/CMakeFiles/STM32_Drivers.dir/__/__/Drivers/STM32L4xx_HAL_Driver/Src/stm32l4xx_hal_cortex.c.obj
 .ARM.attributes
                0x00000292       0x34 cmake/stm32cubemx/CMakeFiles/STM32_Drivers.dir/__/__/Drivers/STM32L4xx_HAL_Driver/Src/stm32l4xx_hal_spi.c.obj
 .ARM.attributes
                0x000002c6       0x34 cmake/stm32cubemx/CMakeFiles/STM32_Drivers.dir/__/__/Drivers/STM32L4xx_HAL_Driver/Src/stm32l4xx_hal_uart.c.obj
 .ARM.attributes
                0x000002fa       0x34 CMakeFiles/Serial_Protocol_Baremetal.dir/Core/Src/main.c.obj
 .ARM.attributes
                0x0000032e       0x34 CMakeFiles/Serial_Protocol_Baremetal.dir/Core/Src/stm32l4xx_it.c.obj
 .ARM.attributes
                0x00000362       0x34 CMakeFiles/Serial_Protocol_Baremetal.dir/Core/Src/stm32l4xx_hal_msp.c.obj
 .ARM.attributes
                0x00000396       0x21 CMakeFiles/Serial_Protocol_Baremetal.dir/startup_stm32l476xx.s.obj
 .ARM.attributes
                0x000003b7       0x22 C:/ST/STM32CubeCLT_1.18.0/GNU-tools-for-STM32/bin/../lib/gcc/arm-none-eabi/13.3.1/thumb/v7e-m+fp/hard\libgcc.a(_aeabi_uldivmod.o)
 .ARM.attributes
                0x000003d9       0x34 C:/ST/STM32CubeCLT_1.18.0/GNU-tools-for-STM32/bin/../lib/gcc/arm-none-eabi/13.3.1/thumb/v7e-m+fp/hard\libgcc.a(_udivmoddi4.o)
 .ARM.attributes
                0x0000040d       0x22 C:/ST/STM32CubeCLT_1.18.0/GNU-tools-for-STM32/bin/../lib/gcc/arm-none-eabi/13.3.1/thumb/v7e-m+fp/hard\libgcc.a(_dvmd_tls.o)
 .ARM.attributes
                0x0000042f       0x22 C:/ST/STM32CubeCLT_1.18.0/GNU-tools-for-STM32/bin/../lib/gcc/arm-none-eabi/13.3.1/thumb/v7e-m+fp/hard/crtn.o

.comment        0x00000000       0x43
 .comment       0x00000000       0x43 cmake/stm32cubemx/CMakeFiles/STM32_Drivers.dir/__/__/Core/Src/system_stm32l4xx.c.obj
                                 0x44 (size before relaxing)
 .comment       0x00000043       0x44 cmake/stm32cubemx/CMakeFiles/STM32_Drivers.dir/__/__/Drivers/STM32L4xx_HAL_Driver/Src/stm32l4xx_hal_i2c.c.obj
 .comment       0x00000043       0x44 cmake/stm32cubemx/CMakeFiles/STM32_Drivers.dir/__/__/Drivers/STM32L4xx_HAL_Driver/Src/stm32l4xx_hal_i2c_ex.c.obj
 .comment       0x00000043       0x44 cmake/stm32cubemx/CMakeFiles/STM32_Drivers.dir/__/__/Drivers/STM32L4xx_HAL_Driver/Src/stm32l4xx_hal.c.obj
 .comment       0x00000043       0x44 cmake/stm32cubemx/CMakeFiles/STM32_Drivers.dir/__/__/Drivers/STM32L4xx_HAL_Driver/Src/stm32l4xx_hal_rcc.c.obj
 .comment       0x00000043       0x44 cmake/stm32cubemx/CMakeFiles/STM32_Drivers.dir/__/__/Drivers/STM32L4xx_HAL_Driver/Src/stm32l4xx_hal_rcc_ex.c.obj
 .comment       0x00000043       0x44 cmake/stm32cubemx/CMakeFiles/STM32_Drivers.dir/__/__/Drivers/STM32L4xx_HAL_Driver/Src/stm32l4xx_hal_gpio.c.obj
 .comment       0x00000043       0x44 cmake/stm32cubemx/CMakeFiles/STM32_Drivers.dir/__/__/Drivers/STM32L4xx_HAL_Driver/Src/stm32l4xx_hal_pwr_ex.c.obj
 .comment       0x00000043       0x44 cmake/stm32cubemx/CMakeFiles/STM32_Drivers.dir/__/__/Drivers/STM32L4xx_HAL_Driver/Src/stm32l4xx_hal_cortex.c.obj
 .comment       0x00000043       0x44 cmake/stm32cubemx/CMakeFiles/STM32_Drivers.dir/__/__/Drivers/STM32L4xx_HAL_Driver/Src/stm32l4xx_hal_spi.c.obj
 .comment       0x00000043       0x44 cmake/stm32cubemx/CMakeFiles/STM32_Drivers.dir/__/__/Drivers/STM32L4xx_HAL_Driver/Src/stm32l4xx_hal_uart.c.obj
 .comment       0x00000043       0x44 CMakeFiles/Serial_Protocol_Baremetal.dir/Core/Src/main.c.obj
 .comment       0x00000043       0x44 CMakeFiles/Serial_Protocol_Baremetal.dir/Core/Src/stm32l4xx_it.c.obj
 .comment       0x00000043       0x44 CMakeFiles/Serial_Protocol_Baremetal.dir/Core/Src/stm32l4xx_hal_msp.c.obj

.debug_frame    0x00000000     0x38f4
 .debug_frame   0x00000000       0x20 C:/ST/STM32CubeCLT_1.18.0/GNU-tools-for-STM32/bin/../lib/gcc/arm-none-eabi/13.3.1/../../../../arm-none-eabi/lib/thumb/v7e-m+fp/hard\libc_nano.a(libc_a-memset.o)
 .debug_frame   0x00000020       0x2c C:/ST/STM32CubeCLT_1.18.0/GNU-tools-for-STM32/bin/../lib/gcc/arm-none-eabi/13.3.1/../../../../arm-none-eabi/lib/thumb/v7e-m+fp/hard\libc_nano.a(libc_a-init.o)
 .debug_frame   0x0000004c       0x58 cmake/stm32cubemx/CMakeFiles/STM32_Drivers.dir/__/__/Core/Src/system_stm32l4xx.c.obj
 .debug_frame   0x000000a4      0xc38 cmake/stm32cubemx/CMakeFiles/STM32_Drivers.dir/__/__/Drivers/STM32L4xx_HAL_Driver/Src/stm32l4xx_hal_i2c.c.obj
 .debug_frame   0x00000cdc      0x100 cmake/stm32cubemx/CMakeFiles/STM32_Drivers.dir/__/__/Drivers/STM32L4xx_HAL_Driver/Src/stm32l4xx_hal_i2c_ex.c.obj
 .debug_frame   0x00000ddc      0x498 cmake/stm32cubemx/CMakeFiles/STM32_Drivers.dir/__/__/Drivers/STM32L4xx_HAL_Driver/Src/stm32l4xx_hal.c.obj
 .debug_frame   0x00001274      0x21c cmake/stm32cubemx/CMakeFiles/STM32_Drivers.dir/__/__/Drivers/STM32L4xx_HAL_Driver/Src/stm32l4xx_hal_rcc.c.obj
 .debug_frame   0x00001490      0x2fc cmake/stm32cubemx/CMakeFiles/STM32_Drivers.dir/__/__/Drivers/STM32L4xx_HAL_Driver/Src/stm32l4xx_hal_rcc_ex.c.obj
 .debug_frame   0x0000178c      0x14c cmake/stm32cubemx/CMakeFiles/STM32_Drivers.dir/__/__/Drivers/STM32L4xx_HAL_Driver/Src/stm32l4xx_hal_gpio.c.obj
 .debug_frame   0x000018d8      0x584 cmake/stm32cubemx/CMakeFiles/STM32_Drivers.dir/__/__/Drivers/STM32L4xx_HAL_Driver/Src/stm32l4xx_hal_pwr_ex.c.obj
 .debug_frame   0x00001e5c      0x4e8 cmake/stm32cubemx/CMakeFiles/STM32_Drivers.dir/__/__/Drivers/STM32L4xx_HAL_Driver/Src/stm32l4xx_hal_cortex.c.obj
 .debug_frame   0x00002344      0x860 cmake/stm32cubemx/CMakeFiles/STM32_Drivers.dir/__/__/Drivers/STM32L4xx_HAL_Driver/Src/stm32l4xx_hal_spi.c.obj
 .debug_frame   0x00002ba4      0x9f4 cmake/stm32cubemx/CMakeFiles/STM32_Drivers.dir/__/__/Drivers/STM32L4xx_HAL_Driver/Src/stm32l4xx_hal_uart.c.obj
 .debug_frame   0x00003598       0xe0 CMakeFiles/Serial_Protocol_Baremetal.dir/Core/Src/main.c.obj
 .debug_frame   0x00003678      0x104 CMakeFiles/Serial_Protocol_Baremetal.dir/Core/Src/stm32l4xx_it.c.obj
 .debug_frame   0x0000377c      0x118 CMakeFiles/Serial_Protocol_Baremetal.dir/Core/Src/stm32l4xx_hal_msp.c.obj
 .debug_frame   0x00003894       0x2c C:/ST/STM32CubeCLT_1.18.0/GNU-tools-for-STM32/bin/../lib/gcc/arm-none-eabi/13.3.1/thumb/v7e-m+fp/hard\libgcc.a(_aeabi_uldivmod.o)
 .debug_frame   0x000038c0       0x34 C:/ST/STM32CubeCLT_1.18.0/GNU-tools-for-STM32/bin/../lib/gcc/arm-none-eabi/13.3.1/thumb/v7e-m+fp/hard\libgcc.a(_udivmoddi4.o)

.debug_info     0x00000000     0xec17
 .debug_info    0x00000000      0x5b1 cmake/stm32cubemx/CMakeFiles/STM32_Drivers.dir/__/__/Core/Src/system_stm32l4xx.c.obj
 .debug_info    0x000005b1     0x20d2 cmake/stm32cubemx/CMakeFiles/STM32_Drivers.dir/__/__/Drivers/STM32L4xx_HAL_Driver/Src/stm32l4xx_hal_i2c.c.obj
 .debug_info    0x00002683      0x975 cmake/stm32cubemx/CMakeFiles/STM32_Drivers.dir/__/__/Drivers/STM32L4xx_HAL_Driver/Src/stm32l4xx_hal_i2c_ex.c.obj
 .debug_info    0x00002ff8      0xaeb cmake/stm32cubemx/CMakeFiles/STM32_Drivers.dir/__/__/Drivers/STM32L4xx_HAL_Driver/Src/stm32l4xx_hal.c.obj
 .debug_info    0x00003ae3      0xc14 cmake/stm32cubemx/CMakeFiles/STM32_Drivers.dir/__/__/Drivers/STM32L4xx_HAL_Driver/Src/stm32l4xx_hal_rcc.c.obj
 .debug_info    0x000046f7      0xe11 cmake/stm32cubemx/CMakeFiles/STM32_Drivers.dir/__/__/Drivers/STM32L4xx_HAL_Driver/Src/stm32l4xx_hal_rcc_ex.c.obj
 .debug_info    0x00005508      0x757 cmake/stm32cubemx/CMakeFiles/STM32_Drivers.dir/__/__/Drivers/STM32L4xx_HAL_Driver/Src/stm32l4xx_hal_gpio.c.obj
 .debug_info    0x00005c5f      0x99e cmake/stm32cubemx/CMakeFiles/STM32_Drivers.dir/__/__/Drivers/STM32L4xx_HAL_Driver/Src/stm32l4xx_hal_pwr_ex.c.obj
 .debug_info    0x000065fd      0xd81 cmake/stm32cubemx/CMakeFiles/STM32_Drivers.dir/__/__/Drivers/STM32L4xx_HAL_Driver/Src/stm32l4xx_hal_cortex.c.obj
 .debug_info    0x0000737e     0x1549 cmake/stm32cubemx/CMakeFiles/STM32_Drivers.dir/__/__/Drivers/STM32L4xx_HAL_Driver/Src/stm32l4xx_hal_spi.c.obj
 .debug_info    0x000088c7     0x3b69 cmake/stm32cubemx/CMakeFiles/STM32_Drivers.dir/__/__/Drivers/STM32L4xx_HAL_Driver/Src/stm32l4xx_hal_uart.c.obj
 .debug_info    0x0000c430     0x130d CMakeFiles/Serial_Protocol_Baremetal.dir/Core/Src/main.c.obj
 .debug_info    0x0000d73d      0x113 CMakeFiles/Serial_Protocol_Baremetal.dir/Core/Src/stm32l4xx_it.c.obj
 .debug_info    0x0000d850     0x1397 CMakeFiles/Serial_Protocol_Baremetal.dir/Core/Src/stm32l4xx_hal_msp.c.obj
 .debug_info    0x0000ebe7       0x30 CMakeFiles/Serial_Protocol_Baremetal.dir/startup_stm32l476xx.s.obj

.debug_abbrev   0x00000000     0x1e20
 .debug_abbrev  0x00000000      0x11a cmake/stm32cubemx/CMakeFiles/STM32_Drivers.dir/__/__/Core/Src/system_stm32l4xx.c.obj
 .debug_abbrev  0x0000011a      0x261 cmake/stm32cubemx/CMakeFiles/STM32_Drivers.dir/__/__/Drivers/STM32L4xx_HAL_Driver/Src/stm32l4xx_hal_i2c.c.obj
 .debug_abbrev  0x0000037b      0x1c3 cmake/stm32cubemx/CMakeFiles/STM32_Drivers.dir/__/__/Drivers/STM32L4xx_HAL_Driver/Src/stm32l4xx_hal_i2c_ex.c.obj
 .debug_abbrev  0x0000053e      0x242 cmake/stm32cubemx/CMakeFiles/STM32_Drivers.dir/__/__/Drivers/STM32L4xx_HAL_Driver/Src/stm32l4xx_hal.c.obj
 .debug_abbrev  0x00000780      0x2cb cmake/stm32cubemx/CMakeFiles/STM32_Drivers.dir/__/__/Drivers/STM32L4xx_HAL_Driver/Src/stm32l4xx_hal_rcc.c.obj
 .debug_abbrev  0x00000a4b      0x2a6 cmake/stm32cubemx/CMakeFiles/STM32_Drivers.dir/__/__/Drivers/STM32L4xx_HAL_Driver/Src/stm32l4xx_hal_rcc_ex.c.obj
 .debug_abbrev  0x00000cf1      0x1cb cmake/stm32cubemx/CMakeFiles/STM32_Drivers.dir/__/__/Drivers/STM32L4xx_HAL_Driver/Src/stm32l4xx_hal_gpio.c.obj
 .debug_abbrev  0x00000ebc      0x1f9 cmake/stm32cubemx/CMakeFiles/STM32_Drivers.dir/__/__/Drivers/STM32L4xx_HAL_Driver/Src/stm32l4xx_hal_pwr_ex.c.obj
 .debug_abbrev  0x000010b5      0x31c cmake/stm32cubemx/CMakeFiles/STM32_Drivers.dir/__/__/Drivers/STM32L4xx_HAL_Driver/Src/stm32l4xx_hal_cortex.c.obj
 .debug_abbrev  0x000013d1      0x260 cmake/stm32cubemx/CMakeFiles/STM32_Drivers.dir/__/__/Drivers/STM32L4xx_HAL_Driver/Src/stm32l4xx_hal_spi.c.obj
 .debug_abbrev  0x00001631      0x2d0 cmake/stm32cubemx/CMakeFiles/STM32_Drivers.dir/__/__/Drivers/STM32L4xx_HAL_Driver/Src/stm32l4xx_hal_uart.c.obj
 .debug_abbrev  0x00001901      0x27e CMakeFiles/Serial_Protocol_Baremetal.dir/Core/Src/main.c.obj
 .debug_abbrev  0x00001b7f       0x73 CMakeFiles/Serial_Protocol_Baremetal.dir/Core/Src/stm32l4xx_it.c.obj
 .debug_abbrev  0x00001bf2      0x20a CMakeFiles/Serial_Protocol_Baremetal.dir/Core/Src/stm32l4xx_hal_msp.c.obj
 .debug_abbrev  0x00001dfc       0x24 CMakeFiles/Serial_Protocol_Baremetal.dir/startup_stm32l476xx.s.obj

.debug_aranges  0x00000000      0xd98
 .debug_aranges
                0x00000000       0x28 cmake/stm32cubemx/CMakeFiles/STM32_Drivers.dir/__/__/Core/Src/system_stm32l4xx.c.obj
 .debug_aranges
                0x00000028      0x2a0 cmake/stm32cubemx/CMakeFiles/STM32_Drivers.dir/__/__/Drivers/STM32L4xx_HAL_Driver/Src/stm32l4xx_hal_i2c.c.obj
 .debug_aranges
                0x000002c8       0x48 cmake/stm32cubemx/CMakeFiles/STM32_Drivers.dir/__/__/Drivers/STM32L4xx_HAL_Driver/Src/stm32l4xx_hal_i2c_ex.c.obj
 .debug_aranges
                0x00000310      0x130 cmake/stm32cubemx/CMakeFiles/STM32_Drivers.dir/__/__/Drivers/STM32L4xx_HAL_Driver/Src/stm32l4xx_hal.c.obj
 .debug_aranges
                0x00000440       0x90 cmake/stm32cubemx/CMakeFiles/STM32_Drivers.dir/__/__/Drivers/STM32L4xx_HAL_Driver/Src/stm32l4xx_hal_rcc.c.obj
 .debug_aranges
                0x000004d0       0xc0 cmake/stm32cubemx/CMakeFiles/STM32_Drivers.dir/__/__/Drivers/STM32L4xx_HAL_Driver/Src/stm32l4xx_hal_rcc_ex.c.obj
 .debug_aranges
                0x00000590       0x58 cmake/stm32cubemx/CMakeFiles/STM32_Drivers.dir/__/__/Drivers/STM32L4xx_HAL_Driver/Src/stm32l4xx_hal_gpio.c.obj
 .debug_aranges
                0x000005e8      0x160 cmake/stm32cubemx/CMakeFiles/STM32_Drivers.dir/__/__/Drivers/STM32L4xx_HAL_Driver/Src/stm32l4xx_hal_pwr_ex.c.obj
 .debug_aranges
                0x00000748      0x128 cmake/stm32cubemx/CMakeFiles/STM32_Drivers.dir/__/__/Drivers/STM32L4xx_HAL_Driver/Src/stm32l4xx_hal_cortex.c.obj
 .debug_aranges
                0x00000870      0x1d8 cmake/stm32cubemx/CMakeFiles/STM32_Drivers.dir/__/__/Drivers/STM32L4xx_HAL_Driver/Src/stm32l4xx_hal_spi.c.obj
 .debug_aranges
                0x00000a48      0x228 cmake/stm32cubemx/CMakeFiles/STM32_Drivers.dir/__/__/Drivers/STM32L4xx_HAL_Driver/Src/stm32l4xx_hal_uart.c.obj
 .debug_aranges
                0x00000c70       0x50 CMakeFiles/Serial_Protocol_Baremetal.dir/Core/Src/main.c.obj
 .debug_aranges
                0x00000cc0       0x60 CMakeFiles/Serial_Protocol_Baremetal.dir/Core/Src/stm32l4xx_it.c.obj
 .debug_aranges
                0x00000d20       0x50 CMakeFiles/Serial_Protocol_Baremetal.dir/Core/Src/stm32l4xx_hal_msp.c.obj
 .debug_aranges
                0x00000d70       0x28 CMakeFiles/Serial_Protocol_Baremetal.dir/startup_stm32l476xx.s.obj

.debug_rnglists
                0x00000000      0xa9d
 .debug_rnglists
                0x00000000       0x1a cmake/stm32cubemx/CMakeFiles/STM32_Drivers.dir/__/__/Core/Src/system_stm32l4xx.c.obj
 .debug_rnglists
                0x0000001a      0x228 cmake/stm32cubemx/CMakeFiles/STM32_Drivers.dir/__/__/Drivers/STM32L4xx_HAL_Driver/Src/stm32l4xx_hal_i2c.c.obj
 .debug_rnglists
                0x00000242       0x35 cmake/stm32cubemx/CMakeFiles/STM32_Drivers.dir/__/__/Drivers/STM32L4xx_HAL_Driver/Src/stm32l4xx_hal_i2c_ex.c.obj
 .debug_rnglists
                0x00000277       0xdf cmake/stm32cubemx/CMakeFiles/STM32_Drivers.dir/__/__/Drivers/STM32L4xx_HAL_Driver/Src/stm32l4xx_hal.c.obj
 .debug_rnglists
                0x00000356       0x6d cmake/stm32cubemx/CMakeFiles/STM32_Drivers.dir/__/__/Drivers/STM32L4xx_HAL_Driver/Src/stm32l4xx_hal_rcc.c.obj
 .debug_rnglists
                0x000003c3       0x95 cmake/stm32cubemx/CMakeFiles/STM32_Drivers.dir/__/__/Drivers/STM32L4xx_HAL_Driver/Src/stm32l4xx_hal_rcc_ex.c.obj
 .debug_rnglists
                0x00000458       0x3f cmake/stm32cubemx/CMakeFiles/STM32_Drivers.dir/__/__/Drivers/STM32L4xx_HAL_Driver/Src/stm32l4xx_hal_gpio.c.obj
 .debug_rnglists
                0x00000497      0x109 cmake/stm32cubemx/CMakeFiles/STM32_Drivers.dir/__/__/Drivers/STM32L4xx_HAL_Driver/Src/stm32l4xx_hal_pwr_ex.c.obj
 .debug_rnglists
                0x000005a0       0xda cmake/stm32cubemx/CMakeFiles/STM32_Drivers.dir/__/__/Drivers/STM32L4xx_HAL_Driver/Src/stm32l4xx_hal_cortex.c.obj
 .debug_rnglists
                0x0000067a      0x178 cmake/stm32cubemx/CMakeFiles/STM32_Drivers.dir/__/__/Drivers/STM32L4xx_HAL_Driver/Src/stm32l4xx_hal_spi.c.obj
 .debug_rnglists
                0x000007f2      0x1db cmake/stm32cubemx/CMakeFiles/STM32_Drivers.dir/__/__/Drivers/STM32L4xx_HAL_Driver/Src/stm32l4xx_hal_uart.c.obj
 .debug_rnglists
                0x000009cd       0x3a CMakeFiles/Serial_Protocol_Baremetal.dir/Core/Src/main.c.obj
 .debug_rnglists
                0x00000a07       0x43 CMakeFiles/Serial_Protocol_Baremetal.dir/Core/Src/stm32l4xx_it.c.obj
 .debug_rnglists
                0x00000a4a       0x3a CMakeFiles/Serial_Protocol_Baremetal.dir/Core/Src/stm32l4xx_hal_msp.c.obj
 .debug_rnglists
                0x00000a84       0x19 CMakeFiles/Serial_Protocol_Baremetal.dir/startup_stm32l476xx.s.obj

.debug_macro    0x00000000    0x25ac8
 .debug_macro   0x00000000      0x1da cmake/stm32cubemx/CMakeFiles/STM32_Drivers.dir/__/__/Core/Src/system_stm32l4xx.c.obj
 .debug_macro   0x000001da      0xad8 cmake/stm32cubemx/CMakeFiles/STM32_Drivers.dir/__/__/Core/Src/system_stm32l4xx.c.obj
 .debug_macro   0x00000cb2       0x2e cmake/stm32cubemx/CMakeFiles/STM32_Drivers.dir/__/__/Core/Src/system_stm32l4xx.c.obj
 .debug_macro   0x00000ce0       0x28 cmake/stm32cubemx/CMakeFiles/STM32_Drivers.dir/__/__/Core/Src/system_stm32l4xx.c.obj
 .debug_macro   0x00000d08       0x22 cmake/stm32cubemx/CMakeFiles/STM32_Drivers.dir/__/__/Core/Src/system_stm32l4xx.c.obj
 .debug_macro   0x00000d2a       0x8e cmake/stm32cubemx/CMakeFiles/STM32_Drivers.dir/__/__/Core/Src/system_stm32l4xx.c.obj
 .debug_macro   0x00000db8       0x51 cmake/stm32cubemx/CMakeFiles/STM32_Drivers.dir/__/__/Core/Src/system_stm32l4xx.c.obj
 .debug_macro   0x00000e09      0x103 cmake/stm32cubemx/CMakeFiles/STM32_Drivers.dir/__/__/Core/Src/system_stm32l4xx.c.obj
 .debug_macro   0x00000f0c       0x6a cmake/stm32cubemx/CMakeFiles/STM32_Drivers.dir/__/__/Core/Src/system_stm32l4xx.c.obj
 .debug_macro   0x00000f76      0x1df cmake/stm32cubemx/CMakeFiles/STM32_Drivers.dir/__/__/Core/Src/system_stm32l4xx.c.obj
 .debug_macro   0x00001155       0x1c cmake/stm32cubemx/CMakeFiles/STM32_Drivers.dir/__/__/Core/Src/system_stm32l4xx.c.obj
 .debug_macro   0x00001171       0x22 cmake/stm32cubemx/CMakeFiles/STM32_Drivers.dir/__/__/Core/Src/system_stm32l4xx.c.obj
 .debug_macro   0x00001193       0xfb cmake/stm32cubemx/CMakeFiles/STM32_Drivers.dir/__/__/Core/Src/system_stm32l4xx.c.obj
 .debug_macro   0x0000128e     0x1011 cmake/stm32cubemx/CMakeFiles/STM32_Drivers.dir/__/__/Core/Src/system_stm32l4xx.c.obj
 .debug_macro   0x0000229f      0x11f cmake/stm32cubemx/CMakeFiles/STM32_Drivers.dir/__/__/Core/Src/system_stm32l4xx.c.obj
 .debug_macro   0x000023be    0x1a17a cmake/stm32cubemx/CMakeFiles/STM32_Drivers.dir/__/__/Core/Src/system_stm32l4xx.c.obj
 .debug_macro   0x0001c538       0x6d cmake/stm32cubemx/CMakeFiles/STM32_Drivers.dir/__/__/Core/Src/system_stm32l4xx.c.obj
 .debug_macro   0x0001c5a5      0x1ad cmake/stm32cubemx/CMakeFiles/STM32_Drivers.dir/__/__/Core/Src/system_stm32l4xx.c.obj
 .debug_macro   0x0001c752     0x38fb cmake/stm32cubemx/CMakeFiles/STM32_Drivers.dir/__/__/Core/Src/system_stm32l4xx.c.obj
 .debug_macro   0x0002004d      0x190 cmake/stm32cubemx/CMakeFiles/STM32_Drivers.dir/__/__/Core/Src/system_stm32l4xx.c.obj
 .debug_macro   0x000201dd       0x5c cmake/stm32cubemx/CMakeFiles/STM32_Drivers.dir/__/__/Core/Src/system_stm32l4xx.c.obj
 .debug_macro   0x00020239     0x159e cmake/stm32cubemx/CMakeFiles/STM32_Drivers.dir/__/__/Core/Src/system_stm32l4xx.c.obj
 .debug_macro   0x000217d7      0x5a5 cmake/stm32cubemx/CMakeFiles/STM32_Drivers.dir/__/__/Core/Src/system_stm32l4xx.c.obj
 .debug_macro   0x00021d7c      0x1b9 cmake/stm32cubemx/CMakeFiles/STM32_Drivers.dir/__/__/Core/Src/system_stm32l4xx.c.obj
 .debug_macro   0x00021f35      0x18b cmake/stm32cubemx/CMakeFiles/STM32_Drivers.dir/__/__/Core/Src/system_stm32l4xx.c.obj
 .debug_macro   0x000220c0      0x26b cmake/stm32cubemx/CMakeFiles/STM32_Drivers.dir/__/__/Core/Src/system_stm32l4xx.c.obj
 .debug_macro   0x0002232b      0x23d cmake/stm32cubemx/CMakeFiles/STM32_Drivers.dir/__/__/Core/Src/system_stm32l4xx.c.obj
 .debug_macro   0x00022568      0x241 cmake/stm32cubemx/CMakeFiles/STM32_Drivers.dir/__/__/Core/Src/system_stm32l4xx.c.obj
 .debug_macro   0x000227a9      0x37c cmake/stm32cubemx/CMakeFiles/STM32_Drivers.dir/__/__/Core/Src/system_stm32l4xx.c.obj
 .debug_macro   0x00022b25       0xd6 cmake/stm32cubemx/CMakeFiles/STM32_Drivers.dir/__/__/Core/Src/system_stm32l4xx.c.obj
 .debug_macro   0x00022bfb      0x22c cmake/stm32cubemx/CMakeFiles/STM32_Drivers.dir/__/__/Core/Src/system_stm32l4xx.c.obj
 .debug_macro   0x00022e27       0x61 cmake/stm32cubemx/CMakeFiles/STM32_Drivers.dir/__/__/Core/Src/system_stm32l4xx.c.obj
 .debug_macro   0x00022e88       0xa5 cmake/stm32cubemx/CMakeFiles/STM32_Drivers.dir/__/__/Core/Src/system_stm32l4xx.c.obj
 .debug_macro   0x00022f2d      0x122 cmake/stm32cubemx/CMakeFiles/STM32_Drivers.dir/__/__/Core/Src/system_stm32l4xx.c.obj
 .debug_macro   0x0002304f      0x3ef cmake/stm32cubemx/CMakeFiles/STM32_Drivers.dir/__/__/Core/Src/system_stm32l4xx.c.obj
 .debug_macro   0x0002343e      0x2fe cmake/stm32cubemx/CMakeFiles/STM32_Drivers.dir/__/__/Core/Src/system_stm32l4xx.c.obj
 .debug_macro   0x0002373c      0x5cf cmake/stm32cubemx/CMakeFiles/STM32_Drivers.dir/__/__/Core/Src/system_stm32l4xx.c.obj
 .debug_macro   0x00023d0b       0x44 cmake/stm32cubemx/CMakeFiles/STM32_Drivers.dir/__/__/Core/Src/system_stm32l4xx.c.obj
 .debug_macro   0x00023d4f      0x330 cmake/stm32cubemx/CMakeFiles/STM32_Drivers.dir/__/__/Core/Src/system_stm32l4xx.c.obj
 .debug_macro   0x0002407f      0x2a6 cmake/stm32cubemx/CMakeFiles/STM32_Drivers.dir/__/__/Drivers/STM32L4xx_HAL_Driver/Src/stm32l4xx_hal_i2c.c.obj
 .debug_macro   0x00024325      0x1da cmake/stm32cubemx/CMakeFiles/STM32_Drivers.dir/__/__/Drivers/STM32L4xx_HAL_Driver/Src/stm32l4xx_hal_i2c_ex.c.obj
 .debug_macro   0x000244ff      0x228 cmake/stm32cubemx/CMakeFiles/STM32_Drivers.dir/__/__/Drivers/STM32L4xx_HAL_Driver/Src/stm32l4xx_hal.c.obj
 .debug_macro   0x00024727      0x21c cmake/stm32cubemx/CMakeFiles/STM32_Drivers.dir/__/__/Drivers/STM32L4xx_HAL_Driver/Src/stm32l4xx_hal_rcc.c.obj
 .debug_macro   0x00024943      0x210 cmake/stm32cubemx/CMakeFiles/STM32_Drivers.dir/__/__/Drivers/STM32L4xx_HAL_Driver/Src/stm32l4xx_hal_rcc_ex.c.obj
 .debug_macro   0x00024b53      0x1e1 cmake/stm32cubemx/CMakeFiles/STM32_Drivers.dir/__/__/Drivers/STM32L4xx_HAL_Driver/Src/stm32l4xx_hal_gpio.c.obj
 .debug_macro   0x00024d34      0x1fe cmake/stm32cubemx/CMakeFiles/STM32_Drivers.dir/__/__/Drivers/STM32L4xx_HAL_Driver/Src/stm32l4xx_hal_pwr_ex.c.obj
 .debug_macro   0x00024f32      0x1da cmake/stm32cubemx/CMakeFiles/STM32_Drivers.dir/__/__/Drivers/STM32L4xx_HAL_Driver/Src/stm32l4xx_hal_cortex.c.obj
 .debug_macro   0x0002510c      0x1e2 cmake/stm32cubemx/CMakeFiles/STM32_Drivers.dir/__/__/Drivers/STM32L4xx_HAL_Driver/Src/stm32l4xx_hal_spi.c.obj
 .debug_macro   0x000252ee      0x205 cmake/stm32cubemx/CMakeFiles/STM32_Drivers.dir/__/__/Drivers/STM32L4xx_HAL_Driver/Src/stm32l4xx_hal_uart.c.obj
 .debug_macro   0x000254f3      0x1e9 CMakeFiles/Serial_Protocol_Baremetal.dir/Core/Src/main.c.obj
 .debug_macro   0x000256dc       0x10 CMakeFiles/Serial_Protocol_Baremetal.dir/Core/Src/main.c.obj
 .debug_macro   0x000256ec      0x1f3 CMakeFiles/Serial_Protocol_Baremetal.dir/Core/Src/stm32l4xx_it.c.obj
 .debug_macro   0x000258df      0x1e9 CMakeFiles/Serial_Protocol_Baremetal.dir/Core/Src/stm32l4xx_hal_msp.c.obj

.debug_line     0x00000000    0x10972
 .debug_line    0x00000000      0x820 cmake/stm32cubemx/CMakeFiles/STM32_Drivers.dir/__/__/Core/Src/system_stm32l4xx.c.obj
 .debug_line    0x00000820     0x3789 cmake/stm32cubemx/CMakeFiles/STM32_Drivers.dir/__/__/Drivers/STM32L4xx_HAL_Driver/Src/stm32l4xx_hal_i2c.c.obj
 .debug_line    0x00003fa9      0x8e8 cmake/stm32cubemx/CMakeFiles/STM32_Drivers.dir/__/__/Drivers/STM32L4xx_HAL_Driver/Src/stm32l4xx_hal_i2c_ex.c.obj
 .debug_line    0x00004891      0xb88 cmake/stm32cubemx/CMakeFiles/STM32_Drivers.dir/__/__/Drivers/STM32L4xx_HAL_Driver/Src/stm32l4xx_hal.c.obj
 .debug_line    0x00005419     0x10dd cmake/stm32cubemx/CMakeFiles/STM32_Drivers.dir/__/__/Drivers/STM32L4xx_HAL_Driver/Src/stm32l4xx_hal_rcc.c.obj
 .debug_line    0x000064f6     0x15aa cmake/stm32cubemx/CMakeFiles/STM32_Drivers.dir/__/__/Drivers/STM32L4xx_HAL_Driver/Src/stm32l4xx_hal_rcc_ex.c.obj
 .debug_line    0x00007aa0      0xbdc cmake/stm32cubemx/CMakeFiles/STM32_Drivers.dir/__/__/Drivers/STM32L4xx_HAL_Driver/Src/stm32l4xx_hal_gpio.c.obj
 .debug_line    0x0000867c      0xd6a cmake/stm32cubemx/CMakeFiles/STM32_Drivers.dir/__/__/Drivers/STM32L4xx_HAL_Driver/Src/stm32l4xx_hal_pwr_ex.c.obj
 .debug_line    0x000093e6      0xd23 cmake/stm32cubemx/CMakeFiles/STM32_Drivers.dir/__/__/Drivers/STM32L4xx_HAL_Driver/Src/stm32l4xx_hal_cortex.c.obj
 .debug_line    0x0000a109     0x2068 cmake/stm32cubemx/CMakeFiles/STM32_Drivers.dir/__/__/Drivers/STM32L4xx_HAL_Driver/Src/stm32l4xx_hal_spi.c.obj
 .debug_line    0x0000c171     0x2dab cmake/stm32cubemx/CMakeFiles/STM32_Drivers.dir/__/__/Drivers/STM32L4xx_HAL_Driver/Src/stm32l4xx_hal_uart.c.obj
 .debug_line    0x0000ef1c      0x911 CMakeFiles/Serial_Protocol_Baremetal.dir/Core/Src/main.c.obj
 .debug_line    0x0000f82d      0x831 CMakeFiles/Serial_Protocol_Baremetal.dir/Core/Src/stm32l4xx_it.c.obj
 .debug_line    0x0001005e      0x89a CMakeFiles/Serial_Protocol_Baremetal.dir/Core/Src/stm32l4xx_hal_msp.c.obj
 .debug_line    0x000108f8       0x7a CMakeFiles/Serial_Protocol_Baremetal.dir/startup_stm32l476xx.s.obj

.debug_str      0x00000000    0xe9160
 .debug_str     0x00000000    0xe9160 cmake/stm32cubemx/CMakeFiles/STM32_Drivers.dir/__/__/Core/Src/system_stm32l4xx.c.obj
                              0xe4910 (size before relaxing)
 .debug_str     0x000e9160    0xe5b11 cmake/stm32cubemx/CMakeFiles/STM32_Drivers.dir/__/__/Drivers/STM32L4xx_HAL_Driver/Src/stm32l4xx_hal_i2c.c.obj
 .debug_str     0x000e9160    0xe4e1d cmake/stm32cubemx/CMakeFiles/STM32_Drivers.dir/__/__/Drivers/STM32L4xx_HAL_Driver/Src/stm32l4xx_hal_i2c_ex.c.obj
 .debug_str     0x000e9160    0xe54a3 cmake/stm32cubemx/CMakeFiles/STM32_Drivers.dir/__/__/Drivers/STM32L4xx_HAL_Driver/Src/stm32l4xx_hal.c.obj
 .debug_str     0x000e9160    0xe4f56 cmake/stm32cubemx/CMakeFiles/STM32_Drivers.dir/__/__/Drivers/STM32L4xx_HAL_Driver/Src/stm32l4xx_hal_rcc.c.obj
 .debug_str     0x000e9160    0xe50cf cmake/stm32cubemx/CMakeFiles/STM32_Drivers.dir/__/__/Drivers/STM32L4xx_HAL_Driver/Src/stm32l4xx_hal_rcc_ex.c.obj
 .debug_str     0x000e9160    0xe4a89 cmake/stm32cubemx/CMakeFiles/STM32_Drivers.dir/__/__/Drivers/STM32L4xx_HAL_Driver/Src/stm32l4xx_hal_gpio.c.obj
 .debug_str     0x000e9160    0xe4e6b cmake/stm32cubemx/CMakeFiles/STM32_Drivers.dir/__/__/Drivers/STM32L4xx_HAL_Driver/Src/stm32l4xx_hal_pwr_ex.c.obj
 .debug_str     0x000e9160    0xe5189 cmake/stm32cubemx/CMakeFiles/STM32_Drivers.dir/__/__/Drivers/STM32L4xx_HAL_Driver/Src/stm32l4xx_hal_cortex.c.obj
 .debug_str     0x000e9160    0xe512b cmake/stm32cubemx/CMakeFiles/STM32_Drivers.dir/__/__/Drivers/STM32L4xx_HAL_Driver/Src/stm32l4xx_hal_spi.c.obj
 .debug_str     0x000e9160    0xe5668 cmake/stm32cubemx/CMakeFiles/STM32_Drivers.dir/__/__/Drivers/STM32L4xx_HAL_Driver/Src/stm32l4xx_hal_uart.c.obj
 .debug_str     0x000e9160    0xe53f5 CMakeFiles/Serial_Protocol_Baremetal.dir/Core/Src/main.c.obj
 .debug_str     0x000e9160    0xe47af CMakeFiles/Serial_Protocol_Baremetal.dir/Core/Src/stm32l4xx_it.c.obj
 .debug_str     0x000e9160    0xe549f CMakeFiles/Serial_Protocol_Baremetal.dir/Core/Src/stm32l4xx_hal_msp.c.obj
 .debug_str     0x000e9160       0xc8 CMakeFiles/Serial_Protocol_Baremetal.dir/startup_stm32l476xx.s.obj

.debug_line_str
                0x00000000       0xac
 .debug_line_str
                0x00000000       0xac CMakeFiles/Serial_Protocol_Baremetal.dir/startup_stm32l476xx.s.obj
