Archive member included to satisfy reference by file (symbol)

/usr/lib/gcc/arm-none-eabi/13.2.1/../../../arm-none-eabi/lib/thumb/v7e-m+fp/hard/libc_nano.a(libc_a-init.o)
                              /usr/lib/gcc/arm-none-eabi/13.2.1/../../../arm-none-eabi/lib/thumb/v7e-m+fp/hard/crt0.o (__libc_init_array)
/usr/lib/gcc/arm-none-eabi/13.2.1/../../../arm-none-eabi/lib/thumb/v7e-m+fp/hard/libc_nano.a(libc_a-memset.o)
                              /usr/lib/gcc/arm-none-eabi/13.2.1/../../../arm-none-eabi/lib/thumb/v7e-m+fp/hard/crt0.o (memset)
/usr/lib/gcc/arm-none-eabi/13.2.1/../../../arm-none-eabi/lib/thumb/v7e-m+fp/hard/libc_nano.a(libc_a-exit.o)
                              /usr/lib/gcc/arm-none-eabi/13.2.1/../../../arm-none-eabi/lib/thumb/v7e-m+fp/hard/crt0.o (exit)
/usr/lib/gcc/arm-none-eabi/13.2.1/../../../arm-none-eabi/lib/thumb/v7e-m+fp/hard/libc_nano.a(libc_a-atexit.o)
                              /usr/lib/gcc/arm-none-eabi/13.2.1/../../../arm-none-eabi/lib/thumb/v7e-m+fp/hard/crt0.o (atexit)
/usr/lib/gcc/arm-none-eabi/13.2.1/../../../arm-none-eabi/lib/thumb/v7e-m+fp/hard/libc_nano.a(libc_a-fini.o)
                              /usr/lib/gcc/arm-none-eabi/13.2.1/../../../arm-none-eabi/lib/thumb/v7e-m+fp/hard/crt0.o (__libc_fini_array)
/usr/lib/gcc/arm-none-eabi/13.2.1/../../../arm-none-eabi/lib/thumb/v7e-m+fp/hard/libc_nano.a(libc_a-findfp.o)
                              /usr/lib/gcc/arm-none-eabi/13.2.1/../../../arm-none-eabi/lib/thumb/v7e-m+fp/hard/libc_nano.a(libc_a-exit.o) (__stdio_exit_handler)
/usr/lib/gcc/arm-none-eabi/13.2.1/../../../arm-none-eabi/lib/thumb/v7e-m+fp/hard/libc_nano.a(libc_a-fflush.o)
                              /usr/lib/gcc/arm-none-eabi/13.2.1/../../../arm-none-eabi/lib/thumb/v7e-m+fp/hard/libc_nano.a(libc_a-findfp.o) (_fflush_r)
/usr/lib/gcc/arm-none-eabi/13.2.1/../../../arm-none-eabi/lib/thumb/v7e-m+fp/hard/libc_nano.a(libc_a-mallocr.o)
                              /usr/lib/gcc/arm-none-eabi/13.2.1/../../../arm-none-eabi/lib/thumb/v7e-m+fp/hard/libc_nano.a(libc_a-findfp.o) (_malloc_r)
/usr/lib/gcc/arm-none-eabi/13.2.1/../../../arm-none-eabi/lib/thumb/v7e-m+fp/hard/libc_nano.a(libc_a-freer.o)
                              /usr/lib/gcc/arm-none-eabi/13.2.1/../../../arm-none-eabi/lib/thumb/v7e-m+fp/hard/libc_nano.a(libc_a-fflush.o) (_free_r)
/usr/lib/gcc/arm-none-eabi/13.2.1/../../../arm-none-eabi/lib/thumb/v7e-m+fp/hard/libc_nano.a(libc_a-fwalk.o)
                              /usr/lib/gcc/arm-none-eabi/13.2.1/../../../arm-none-eabi/lib/thumb/v7e-m+fp/hard/libc_nano.a(libc_a-findfp.o) (_fwalk_sglue)
/usr/lib/gcc/arm-none-eabi/13.2.1/../../../arm-none-eabi/lib/thumb/v7e-m+fp/hard/libc_nano.a(libc_a-__atexit.o)
                              /usr/lib/gcc/arm-none-eabi/13.2.1/../../../arm-none-eabi/lib/thumb/v7e-m+fp/hard/libc_nano.a(libc_a-atexit.o) (__register_exitproc)
/usr/lib/gcc/arm-none-eabi/13.2.1/../../../arm-none-eabi/lib/thumb/v7e-m+fp/hard/libc_nano.a(libc_a-mlock.o)
                              /usr/lib/gcc/arm-none-eabi/13.2.1/../../../arm-none-eabi/lib/thumb/v7e-m+fp/hard/libc_nano.a(libc_a-mallocr.o) (__malloc_lock)
/usr/lib/gcc/arm-none-eabi/13.2.1/../../../arm-none-eabi/lib/thumb/v7e-m+fp/hard/libc_nano.a(libc_a-sbrkr.o)
                              /usr/lib/gcc/arm-none-eabi/13.2.1/../../../arm-none-eabi/lib/thumb/v7e-m+fp/hard/libc_nano.a(libc_a-mallocr.o) (_sbrk_r)
/usr/lib/gcc/arm-none-eabi/13.2.1/../../../arm-none-eabi/lib/thumb/v7e-m+fp/hard/libc_nano.a(libc_a-stdio.o)
                              /usr/lib/gcc/arm-none-eabi/13.2.1/../../../arm-none-eabi/lib/thumb/v7e-m+fp/hard/libc_nano.a(libc_a-findfp.o) (__sread)
/usr/lib/gcc/arm-none-eabi/13.2.1/../../../arm-none-eabi/lib/thumb/v7e-m+fp/hard/libc_nano.a(libc_a-impure.o)
                              /usr/lib/gcc/arm-none-eabi/13.2.1/../../../arm-none-eabi/lib/thumb/v7e-m+fp/hard/libc_nano.a(libc_a-fflush.o) (_impure_ptr)
/usr/lib/gcc/arm-none-eabi/13.2.1/../../../arm-none-eabi/lib/thumb/v7e-m+fp/hard/libc_nano.a(libc_a-closer.o)
                              /usr/lib/gcc/arm-none-eabi/13.2.1/../../../arm-none-eabi/lib/thumb/v7e-m+fp/hard/libc_nano.a(libc_a-stdio.o) (_close_r)
/usr/lib/gcc/arm-none-eabi/13.2.1/../../../arm-none-eabi/lib/thumb/v7e-m+fp/hard/libc_nano.a(libc_a-__call_atexit.o)
                              /usr/lib/gcc/arm-none-eabi/13.2.1/../../../arm-none-eabi/lib/thumb/v7e-m+fp/hard/libc_nano.a(libc_a-__atexit.o) (__call_exitprocs)
/usr/lib/gcc/arm-none-eabi/13.2.1/../../../arm-none-eabi/lib/thumb/v7e-m+fp/hard/libc_nano.a(libc_a-readr.o)
                              /usr/lib/gcc/arm-none-eabi/13.2.1/../../../arm-none-eabi/lib/thumb/v7e-m+fp/hard/libc_nano.a(libc_a-stdio.o) (_read_r)
/usr/lib/gcc/arm-none-eabi/13.2.1/../../../arm-none-eabi/lib/thumb/v7e-m+fp/hard/libc_nano.a(libc_a-reent.o)
                              /usr/lib/gcc/arm-none-eabi/13.2.1/../../../arm-none-eabi/lib/thumb/v7e-m+fp/hard/libc_nano.a(libc_a-sbrkr.o) (errno)
[...]
Memory Configuration

Name             Origin             Length             Attributes
RAM              0x20000000         0x00018000         xrw
RAM2             0x10000000         0x00008000         xrw
FLASH            0x08000000         0x00100000         xr
*default*        0x00000000         0xffffffff

Linker script and memory map

LOAD /usr/lib/gcc/arm-none-eabi/13.2.1/thumb/v7e-m+fp/hard/crti.o
LOAD /usr/lib/gcc/arm-none-eabi/13.2.1/thumb/v7e-m+fp/hard/crtbegin.o
LOAD /usr/lib/gcc/arm-none-eabi/13.2.1/../../../arm-none-eabi/lib/thumb/v7e-m+fp/hard/crt0.o
START GROUP
LOAD /usr/lib/gcc/arm-none-eabi/13.2.1/../../../arm-none-eabi/lib/thumb/v7e-m+fp/hard/libc_nano.a
LOAD /usr/lib/gcc/arm-none-eabi/13.2.1/../../../arm-none-eabi/lib/thumb/v7e-m+fp/hard/libm.a
END GROUP
LOAD cmake/stm32cubemx/CMakeFiles/STM32_Drivers.dir/__/__/Core/Src/system_stm32l4xx.c.obj
LOAD cmake/stm32cubemx/CMakeFiles/STM32_Drivers.dir/__/__/Drivers/STM32L4xx_HAL_Driver/Src/stm32l4xx_hal_spi.c.obj
LOAD cmake/stm32cubemx/CMakeFiles/STM32_Drivers.dir/__/__/Drivers/STM32L4xx_HAL_Driver/Src/stm32l4xx_hal_spi_ex.c.obj
LOAD cmake/stm32cubemx/CMakeFiles/STM32_Drivers.dir/__/__/Drivers/STM32L4xx_HAL_Driver/Src/stm32l4xx_hal.c.obj
LOAD cmake/stm32cubemx/CMakeFiles/STM32_Drivers.dir/__/__/Drivers/STM32L4xx_HAL_Driver/Src/stm32l4xx_hal_rcc.c.obj
LOAD cmake/stm32cubemx/CMakeFiles/STM32_Drivers.dir/__/__/Drivers/STM32L4xx_HAL_Driver/Src/stm32l4xx_hal_rcc_ex.c.obj
LOAD cmake/stm32cubemx/CMakeFiles/STM32_Drivers.dir/__/__/Drivers/STM32L4xx_HAL_Driver/Src/stm32l4xx_hal_flash.c.obj
LOAD cmake/stm32cubemx/CMakeFiles/STM32_Drivers.dir/__/__/Drivers/STM32L4xx_HAL_Driver/Src/stm32l4xx_hal_flash_ex.c.obj
LOAD cmake/stm32cubemx/CMakeFiles/STM32_Drivers.dir/__/__/Drivers/STM32L4xx_HAL_Driver/Src/stm32l4xx_hal_flash_ramfunc.c.obj
LOAD cmake/stm32cubemx/CMakeFiles/STM32_Drivers.dir/__/__/Drivers/STM32L4xx_HAL_Driver/Src/stm32l4xx_hal_gpio.c.obj
LOAD cmake/stm32cubemx/CMakeFiles/STM32_Drivers.dir/__/__/Drivers/STM32L4xx_HAL_Driver/Src/stm32l4xx_hal_i2c.c.obj
LOAD cmake/stm32cubemx/CMakeFiles/STM32_Drivers.dir/__/__/Drivers/STM32L4xx_HAL_Driver/Src/stm32l4xx_hal_i2c_ex.c.obj
LOAD cmake/stm32cubemx/CMakeFiles/STM32_Drivers.dir/__/__/Drivers/STM32L4xx_HAL_Driver/Src/stm32l4xx_hal_dma.c.obj
LOAD cmake/stm32cubemx/CMakeFiles/STM32_Drivers.dir/__/__/Drivers/STM32L4xx_HAL_Driver/Src/stm32l4xx_hal_dma_ex.c.obj
LOAD cmake/stm32cubemx/CMakeFiles/STM32_Drivers.dir/__/__/Drivers/STM32L4xx_HAL_Driver/Src/stm32l4xx_hal_pwr.c.obj
LOAD cmake/stm32cubemx/CMakeFiles/STM32_Drivers.dir/__/__/Drivers/STM32L4xx_HAL_Driver/Src/stm32l4xx_hal_pwr_ex.c.obj
LOAD cmake/stm32cubemx/CMakeFiles/STM32_Drivers.dir/__/__/Drivers/STM32L4xx_HAL_Driver/Src/stm32l4xx_hal_cortex.c.obj
LOAD cmake/stm32cubemx/CMakeFiles/STM32_Drivers.dir/__/__/Drivers/STM32L4xx_HAL_Driver/Src/stm32l4xx_hal_exti.c.obj
LOAD CMakeFiles/SPI_W25Q16.dir/Core/Src/main.c.obj
LOAD CMakeFiles/SPI_W25Q16.dir/Core/Src/stm32l4xx_it.c.obj
LOAD CMakeFiles/SPI_W25Q16.dir/Core/Src/stm32l4xx_hal_msp.c.obj
LOAD CMakeFiles/SPI_W25Q16.dir/Core/Src/sysmem.c.obj
LOAD CMakeFiles/SPI_W25Q16.dir/Core/Src/syscalls.c.obj
LOAD CMakeFiles/SPI_W25Q16.dir/startup_stm32l476xx.s.obj
START GROUP
LOAD /usr/lib/gcc/arm-none-eabi/13.2.1/thumb/v7e-m+fp/hard/libgcc.a
LOAD /usr/lib/gcc/arm-none-eabi/13.2.1/../../../arm-none-eabi/lib/thumb/v7e-m+fp/hard/libg_nano.a
LOAD /usr/lib/gcc/arm-none-eabi/13.2.1/../../../arm-none-eabi/lib/thumb/v7e-m+fp/hard/libc_nano.a
END GROUP
START GROUP
LOAD /usr/lib/gcc/arm-none-eabi/13.2.1/thumb/v7e-m+fp/hard/libgcc.a
LOAD /usr/lib/gcc/arm-none-eabi/13.2.1/../../../arm-none-eabi/lib/thumb/v7e-m+fp/hard/libc_nano.a
END GROUP
LOAD /usr/lib/gcc/arm-none-eabi/13.2.1/thumb/v7e-m+fp/hard/crtend.o
LOAD /usr/lib/gcc/arm-none-eabi/13.2.1/thumb/v7e-m+fp/hard/crtn.o
                0x20018000                        _estack = (ORIGIN (RAM) + LENGTH (RAM))
                0x00000200                        _Min_Heap_Size = 0x200
                0x00000400                        _Min_Stack_Size = 0x400

.isr_vector     0x08000000      0x188
                0x08000000                        . = ALIGN (0x8)
 *(.isr_vector)
 .isr_vector    0x08000000      0x188 CMakeFiles/SPI_W25Q16.dir/startup_stm32l476xx.s.obj
                0x08000000                g_pfnVectors
                0x08000188                        . = ALIGN (0x8)

.text           0x08000188     0x1930
                0x08000188                        . = ALIGN (0x8)
 *(.text)
 .text          0x08000188       0x88 /usr/lib/gcc/arm-none-eabi/13.2.1/thumb/v7e-m+fp/hard/crtbegin.o
 .text          0x08000210       0x50 /usr/lib/gcc/arm-none-eabi/13.2.1/../../../arm-none-eabi/lib/thumb/v7e-m+fp/hard/libc_nano.a(libc_a-init.o)
                0x08000210                __libc_init_array
 .text          0x08000260       0xa4 /usr/lib/gcc/arm-none-eabi/13.2.1/../../../arm-none-eabi/lib/thumb/v7e-m+fp/hard/libc_nano.a(libc_a-memset.o)
                0x08000260                memset
 *(.text*)
 .text.SystemInit
                0x08000304       0x24 cmake/stm32cubemx/CMakeFiles/STM32_Drivers.dir/__/__/Core/Src/system_stm32l4xx.c.obj
                0x08000304                SystemInit
 .text.HAL_SPI_Init
                0x08000328      0x146 cmake/stm32cubemx/CMakeFiles/STM32_Drivers.dir/__/__/Drivers/STM32L4xx_HAL_Driver/Src/stm32l4xx_hal_spi.c.obj
                0x08000328                HAL_SPI_Init
 .text.HAL_Init
                0x0800046e       0x30 cmake/stm32cubemx/CMakeFiles/STM32_Drivers.dir/__/__/Drivers/STM32L4xx_HAL_Driver/Src/stm32l4xx_hal.c.obj
                0x0800046e                HAL_Init
 *fill*         0x0800049e        0x2 
 .text.HAL_InitTick
                0x080004a0       0x78 cmake/stm32cubemx/CMakeFiles/STM32_Drivers.dir/__/__/Drivers/STM32L4xx_HAL_Driver/Src/stm32l4xx_hal.c.obj
                0x080004a0                HAL_InitTick
 .text.HAL_IncTick
                0x08000518       0x28 cmake/stm32cubemx/CMakeFiles/STM32_Drivers.dir/__/__/Drivers/STM32L4xx_HAL_Driver/Src/stm32l4xx_hal.c.obj
                0x08000518                HAL_IncTick
 .text.HAL_GetTick
                0x08000540       0x18 cmake/stm32cubemx/CMakeFiles/STM32_Drivers.dir/__/__/Drivers/STM32L4xx_HAL_Driver/Src/stm32l4xx_hal.c.obj
                0x08000540                HAL_GetTick
 .text.HAL_RCC_OscConfig
                0x08000558      0x7b8 cmake/stm32cubemx/CMakeFiles/STM32_Drivers.dir/__/__/Drivers/STM32L4xx_HAL_Driver/Src/stm32l4xx_hal_rcc.c.obj
                0x08000558                HAL_RCC_OscConfig
 .text.HAL_RCC_ClockConfig
                0x08000d10      0x200 cmake/stm32cubemx/CMakeFiles/STM32_Drivers.dir/__/__/Drivers/STM32L4xx_HAL_Driver/Src/stm32l4xx_hal_rcc.c.obj
                0x08000d10                HAL_RCC_ClockConfig
 .text.HAL_RCC_GetSysClockFreq
                0x08000f10      0x118 cmake/stm32cubemx/CMakeFiles/STM32_Drivers.dir/__/__/Drivers/STM32L4xx_HAL_Driver/Src/stm32l4xx_hal_rcc.c.obj
                0x08000f10                HAL_RCC_GetSysClockFreq
 .text.RCC_SetFlashLatencyFromMSIRange
                0x08001028       0xc0 cmake/stm32cubemx/CMakeFiles/STM32_Drivers.dir/__/__/Drivers/STM32L4xx_HAL_Driver/Src/stm32l4xx_hal_rcc.c.obj
 .text.HAL_RCCEx_EnableMSIPLLMode
                0x080010e8       0x20 cmake/stm32cubemx/CMakeFiles/STM32_Drivers.dir/__/__/Drivers/STM32L4xx_HAL_Driver/Src/stm32l4xx_hal_rcc_ex.c.obj
                0x080010e8                HAL_RCCEx_EnableMSIPLLMode
 .text.HAL_GPIO_Init
                0x08001108      0x354 cmake/stm32cubemx/CMakeFiles/STM32_Drivers.dir/__/__/Drivers/STM32L4xx_HAL_Driver/Src/stm32l4xx_hal_gpio.c.obj
                0x08001108                HAL_GPIO_Init
 .text.HAL_GPIO_WritePin
                0x0800145c       0x30 cmake/stm32cubemx/CMakeFiles/STM32_Drivers.dir/__/__/Drivers/STM32L4xx_HAL_Driver/Src/stm32l4xx_hal_gpio.c.obj
                0x0800145c                HAL_GPIO_WritePin
 .text.HAL_PWR_EnableBkUpAccess
                0x0800148c       0x20 cmake/stm32cubemx/CMakeFiles/STM32_Drivers.dir/__/__/Drivers/STM32L4xx_HAL_Driver/Src/stm32l4xx_hal_pwr.c.obj
                0x0800148c                HAL_PWR_EnableBkUpAccess
 .text.HAL_PWREx_GetVoltageRange
                0x080014ac       0x1c cmake/stm32cubemx/CMakeFiles/STM32_Drivers.dir/__/__/Drivers/STM32L4xx_HAL_Driver/Src/stm32l4xx_hal_pwr_ex.c.obj
                0x080014ac                HAL_PWREx_GetVoltageRange
 .text.HAL_PWREx_ControlVoltageScaling
                0x080014c8       0xac cmake/stm32cubemx/CMakeFiles/STM32_Drivers.dir/__/__/Drivers/STM32L4xx_HAL_Driver/Src/stm32l4xx_hal_pwr_ex.c.obj
                0x080014c8                HAL_PWREx_ControlVoltageScaling
 .text.__NVIC_SetPriorityGrouping
                0x08001574       0x48 cmake/stm32cubemx/CMakeFiles/STM32_Drivers.dir/__/__/Drivers/STM32L4xx_HAL_Driver/Src/stm32l4xx_hal_cortex.c.obj
 .text.__NVIC_GetPriorityGrouping
                0x080015bc       0x1c cmake/stm32cubemx/CMakeFiles/STM32_Drivers.dir/__/__/Drivers/STM32L4xx_HAL_Driver/Src/stm32l4xx_hal_cortex.c.obj
 .text.__NVIC_SetPriority
                0x080015d8       0x54 cmake/stm32cubemx/CMakeFiles/STM32_Drivers.dir/__/__/Drivers/STM32L4xx_HAL_Driver/Src/stm32l4xx_hal_cortex.c.obj
 .text.NVIC_EncodePriority
                0x0800162c       0x66 cmake/stm32cubemx/CMakeFiles/STM32_Drivers.dir/__/__/Drivers/STM32L4xx_HAL_Driver/Src/stm32l4xx_hal_cortex.c.obj
 *fill*         0x08001692        0x2 
 .text.SysTick_Config
                0x08001694       0x44 cmake/stm32cubemx/CMakeFiles/STM32_Drivers.dir/__/__/Drivers/STM32L4xx_HAL_Driver/Src/stm32l4xx_hal_cortex.c.obj
 .text.HAL_NVIC_SetPriorityGrouping
                0x080016d8       0x16 cmake/stm32cubemx/CMakeFiles/STM32_Drivers.dir/__/__/Drivers/STM32L4xx_HAL_Driver/Src/stm32l4xx_hal_cortex.c.obj
                0x080016d8                HAL_NVIC_SetPriorityGrouping
 .text.HAL_NVIC_SetPriority
                0x080016ee       0x38 cmake/stm32cubemx/CMakeFiles/STM32_Drivers.dir/__/__/Drivers/STM32L4xx_HAL_Driver/Src/stm32l4xx_hal_cortex.c.obj
                0x080016ee                HAL_NVIC_SetPriority
 .text.HAL_SYSTICK_Config
                0x08001726       0x18 cmake/stm32cubemx/CMakeFiles/STM32_Drivers.dir/__/__/Drivers/STM32L4xx_HAL_Driver/Src/stm32l4xx_hal_cortex.c.obj
                0x08001726                HAL_SYSTICK_Config
 .text.main     0x0800173e       0x18 CMakeFiles/SPI_W25Q16.dir/Core/Src/main.c.obj
                0x0800173e                main
 *fill*         0x08001756        0x2 
 .text.SystemClock_Config
                0x08001758       0xac CMakeFiles/SPI_W25Q16.dir/Core/Src/main.c.obj
                0x08001758                SystemClock_Config
 .text.MX_SPI1_Init
                0x08001804       0x7c CMakeFiles/SPI_W25Q16.dir/Core/Src/main.c.obj
 .text.MX_GPIO_Init
                0x08001880       0x94 CMakeFiles/SPI_W25Q16.dir/Core/Src/main.c.obj
 .text.Error_Handler
                0x08001914        0xc CMakeFiles/SPI_W25Q16.dir/Core/Src/main.c.obj
                0x08001914                Error_Handler
 .text.NMI_Handler
                0x08001920        0x8 CMakeFiles/SPI_W25Q16.dir/Core/Src/stm32l4xx_it.c.obj
                0x08001920                NMI_Handler
 .text.HardFault_Handler
                0x08001928        0x8 CMakeFiles/SPI_W25Q16.dir/Core/Src/stm32l4xx_it.c.obj
                0x08001928                HardFault_Handler
 .text.MemManage_Handler
                0x08001930        0x8 CMakeFiles/SPI_W25Q16.dir/Core/Src/stm32l4xx_it.c.obj
                0x08001930                MemManage_Handler
 .text.BusFault_Handler
                0x08001938        0x8 CMakeFiles/SPI_W25Q16.dir/Core/Src/stm32l4xx_it.c.obj
                0x08001938                BusFault_Handler
 .text.UsageFault_Handler
                0x08001940        0x8 CMakeFiles/SPI_W25Q16.dir/Core/Src/stm32l4xx_it.c.obj
                0x08001940                UsageFault_Handler
 .text.SVC_Handler
                0x08001948        0xe CMakeFiles/SPI_W25Q16.dir/Core/Src/stm32l4xx_it.c.obj
                0x08001948                SVC_Handler
 .text.DebugMon_Handler
                0x08001956        0xe CMakeFiles/SPI_W25Q16.dir/Core/Src/stm32l4xx_it.c.obj
                0x08001956                DebugMon_Handler
 .text.PendSV_Handler
                0x08001964        0xe CMakeFiles/SPI_W25Q16.dir/Core/Src/stm32l4xx_it.c.obj
                0x08001964                PendSV_Handler
 .text.SysTick_Handler
                0x08001972        0xc CMakeFiles/SPI_W25Q16.dir/Core/Src/stm32l4xx_it.c.obj
                0x08001972                SysTick_Handler
 *fill*         0x0800197e        0x2 
 .text.HAL_MspInit
                0x08001980       0x48 CMakeFiles/SPI_W25Q16.dir/Core/Src/stm32l4xx_hal_msp.c.obj
                0x08001980                HAL_MspInit
 .text.HAL_SPI_MspInit
                0x080019c8       0x84 CMakeFiles/SPI_W25Q16.dir/Core/Src/stm32l4xx_hal_msp.c.obj
                0x080019c8                HAL_SPI_MspInit
 .text.Reset_Handler
                0x08001a4c       0x50 CMakeFiles/SPI_W25Q16.dir/startup_stm32l476xx.s.obj
                0x08001a4c                Reset_Handler
 .text.Default_Handler
                0x08001a9c        0x2 CMakeFiles/SPI_W25Q16.dir/startup_stm32l476xx.s.obj
                0x08001a9c                RTC_Alarm_IRQHandler
                0x08001a9c                EXTI2_IRQHandler
                0x08001a9c                TIM8_TRG_COM_IRQHandler
                0x08001a9c                TIM8_CC_IRQHandler
                0x08001a9c                TIM1_CC_IRQHandler
                0x08001a9c                TSC_IRQHandler
                0x08001a9c                TAMP_STAMP_IRQHandler
                0x08001a9c                EXTI3_IRQHandler
                0x08001a9c                LPTIM2_IRQHandler
                0x08001a9c                DFSDM1_FLT1_IRQHandler
                0x08001a9c                I2C3_ER_IRQHandler
                0x08001a9c                DFSDM1_FLT2_IRQHandler
                0x08001a9c                EXTI0_IRQHandler
                0x08001a9c                I2C2_EV_IRQHandler
                0x08001a9c                CAN1_RX0_IRQHandler
                0x08001a9c                FPU_IRQHandler
                0x08001a9c                TIM1_UP_TIM16_IRQHandler
                0x08001a9c                ADC1_2_IRQHandler
                0x08001a9c                SPI1_IRQHandler
                0x08001a9c                TIM6_DAC_IRQHandler
                0x08001a9c                TIM8_UP_IRQHandler
                0x08001a9c                DMA2_Channel2_IRQHandler
                0x08001a9c                DMA1_Channel4_IRQHandler
                0x08001a9c                SAI2_IRQHandler
                0x08001a9c                DFSDM1_FLT3_IRQHandler
                0x08001a9c                USART3_IRQHandler
                0x08001a9c                DMA1_Channel7_IRQHandler
                0x08001a9c                CAN1_RX1_IRQHandler
                0x08001a9c                LCD_IRQHandler
                0x08001a9c                UART5_IRQHandler
                0x08001a9c                ADC3_IRQHandler
                0x08001a9c                TIM4_IRQHandler
                0x08001a9c                DMA2_Channel1_IRQHandler
                0x08001a9c                QUADSPI_IRQHandler
                0x08001a9c                I2C1_EV_IRQHandler
                0x08001a9c                DMA1_Channel6_IRQHandler
                0x08001a9c                UART4_IRQHandler
                0x08001a9c                DMA2_Channel4_IRQHandler
                0x08001a9c                TIM3_IRQHandler
                0x08001a9c                RCC_IRQHandler
                0x08001a9c                DMA1_Channel1_IRQHandler
                0x08001a9c                Default_Handler
                0x08001a9c                DMA2_Channel7_IRQHandler
                0x08001a9c                EXTI15_10_IRQHandler
                0x08001a9c                TIM7_IRQHandler
                0x08001a9c                SDMMC1_IRQHandler
                0x08001a9c                TIM5_IRQHandler
                0x08001a9c                I2C3_EV_IRQHandler
                0x08001a9c                EXTI9_5_IRQHandler
                0x08001a9c                RTC_WKUP_IRQHandler
                0x08001a9c                PVD_PVM_IRQHandler
                0x08001a9c                SPI2_IRQHandler
                0x08001a9c                CAN1_TX_IRQHandler
                0x08001a9c                DMA2_Channel5_IRQHandler
                0x08001a9c                DMA1_Channel5_IRQHandler
                0x08001a9c                EXTI4_IRQHandler
                0x08001a9c                RNG_IRQHandler
                0x08001a9c                TIM1_TRG_COM_TIM17_IRQHandler
                0x08001a9c                DMA1_Channel3_IRQHandler
                0x08001a9c                COMP_IRQHandler
                0x08001a9c                WWDG_IRQHandler
                0x08001a9c                LPUART1_IRQHandler
                0x08001a9c                DMA2_Channel6_IRQHandler
                0x08001a9c                TIM2_IRQHandler
                0x08001a9c                EXTI1_IRQHandler
                0x08001a9c                USART2_IRQHandler
                0x08001a9c                DFSDM1_FLT0_IRQHandler
                0x08001a9c                I2C2_ER_IRQHandler
                0x08001a9c                DMA1_Channel2_IRQHandler
                0x08001a9c                TIM8_BRK_IRQHandler
                0x08001a9c                CAN1_SCE_IRQHandler
                0x08001a9c                FLASH_IRQHandler
                0x08001a9c                USART1_IRQHandler
                0x08001a9c                OTG_FS_IRQHandler
                0x08001a9c                SPI3_IRQHandler
                0x08001a9c                I2C1_ER_IRQHandler
                0x08001a9c                FMC_IRQHandler
                0x08001a9c                SWPMI1_IRQHandler
                0x08001a9c                LPTIM1_IRQHandler
                0x08001a9c                SAI1_IRQHandler
                0x08001a9c                DMA2_Channel3_IRQHandler
                0x08001a9c                TIM1_BRK_TIM15_IRQHandler
 *(.glue_7)
 .glue_7        0x08001a9e        0x0 linker stubs
 *(.glue_7t)
 .glue_7t       0x08001a9e        0x0 linker stubs
 *(.eh_frame)
 *fill*         0x08001a9e        0x2 
 .eh_frame      0x08001aa0        0x0 /usr/lib/gcc/arm-none-eabi/13.2.1/thumb/v7e-m+fp/hard/crtbegin.o
 *(.init)
 .init          0x08001aa0        0x4 /usr/lib/gcc/arm-none-eabi/13.2.1/thumb/v7e-m+fp/hard/crti.o
                0x08001aa0                _init
 .init          0x08001aa4        0x8 /usr/lib/gcc/arm-none-eabi/13.2.1/thumb/v7e-m+fp/hard/crtn.o
 *(.fini)
 .fini          0x08001aac        0x4 /usr/lib/gcc/arm-none-eabi/13.2.1/thumb/v7e-m+fp/hard/crti.o
                0x08001aac                _fini
 .fini          0x08001ab0        0x8 /usr/lib/gcc/arm-none-eabi/13.2.1/thumb/v7e-m+fp/hard/crtn.o
                0x08001ab8                        . = ALIGN (0x8)
                0x08001ab8                        _etext = .

.vfp11_veneer   0x08001ab8        0x0
 .vfp11_veneer  0x08001ab8        0x0 linker stubs

.v4_bx          0x08001ab8        0x0
 .v4_bx         0x08001ab8        0x0 linker stubs

.iplt           0x08001ab8        0x0
 .iplt          0x08001ab8        0x0 /usr/lib/gcc/arm-none-eabi/13.2.1/thumb/v7e-m+fp/hard/crtbegin.o

.rodata         0x08001ab8       0x40
                0x08001ab8                        . = ALIGN (0x8)
 *(.rodata)
 *(.rodata*)
 .rodata.AHBPrescTable
                0x08001ab8       0x10 cmake/stm32cubemx/CMakeFiles/STM32_Drivers.dir/__/__/Core/Src/system_stm32l4xx.c.obj
                0x08001ab8                AHBPrescTable
 .rodata.MSIRangeTable
                0x08001ac8       0x30 cmake/stm32cubemx/CMakeFiles/STM32_Drivers.dir/__/__/Core/Src/system_stm32l4xx.c.obj
                0x08001ac8                MSIRangeTable
                0x08001af8                        . = ALIGN (0x8)

.ARM.extab      0x08001af8        0x0
                0x08001af8                        . = ALIGN (0x8)
 *(.ARM.extab* .gnu.linkonce.armextab.*)
                0x08001af8                        . = ALIGN (0x8)

.ARM            0x08001af8        0x0
                0x08001af8                        . = ALIGN (0x8)
                0x08001af8                        __exidx_start = .
 *(.ARM.exidx*)
                0x08001af8                        __exidx_end = .
                0x08001af8                        . = ALIGN (0x8)

.preinit_array  0x08001af8        0x0
                0x08001af8                        . = ALIGN (0x8)
                0x08001af8                        PROVIDE (__preinit_array_start = .)
 *(.preinit_array*)
                0x08001af8                        PROVIDE (__preinit_array_end = .)
                0x08001af8                        . = ALIGN (0x8)

.init_array     0x08001af8        0x8
                0x08001af8                        . = ALIGN (0x8)
                0x08001af8                        PROVIDE (__init_array_start = .)
 *(SORT_BY_NAME(.init_array.*))
 *(.init_array*)
 .init_array    0x08001af8        0x4 /usr/lib/gcc/arm-none-eabi/13.2.1/thumb/v7e-m+fp/hard/crtbegin.o
                0x08001afc                        PROVIDE (__init_array_end = .)
                0x08001b00                        . = ALIGN (0x8)
 *fill*         0x08001afc        0x4 

.fini_array     0x08001b00        0x8
                0x08001b00                        . = ALIGN (0x8)
                0x08001b00                        PROVIDE (__fini_array_start = .)
 *(SORT_BY_NAME(.fini_array.*))
 *(.fini_array*)
 .fini_array    0x08001b00        0x4 /usr/lib/gcc/arm-none-eabi/13.2.1/thumb/v7e-m+fp/hard/crtbegin.o
                0x08001b04                        PROVIDE (__fini_array_end = .)
                0x08001b08                        . = ALIGN (0x8)
 *fill*         0x08001b04        0x4 
                0x08001b08                        _sidata = LOADADDR (.data)

.rel.dyn        0x08001b08        0x0
 .rel.iplt      0x08001b08        0x0 /usr/lib/gcc/arm-none-eabi/13.2.1/thumb/v7e-m+fp/hard/crtbegin.o

.data           0x20000000       0x10 load address 0x08001b08
                0x20000000                        . = ALIGN (0x8)
                0x20000000                        _sdata = .
 *(.data)
 *(.data*)
 .data.SystemCoreClock
                0x20000000        0x4 cmake/stm32cubemx/CMakeFiles/STM32_Drivers.dir/__/__/Core/Src/system_stm32l4xx.c.obj
                0x20000000                SystemCoreClock
 .data.uwTickPrio
                0x20000004        0x4 cmake/stm32cubemx/CMakeFiles/STM32_Drivers.dir/__/__/Drivers/STM32L4xx_HAL_Driver/Src/stm32l4xx_hal.c.obj
                0x20000004                uwTickPrio
 .data.uwTickFreq
                0x20000008        0x1 cmake/stm32cubemx/CMakeFiles/STM32_Drivers.dir/__/__/Drivers/STM32L4xx_HAL_Driver/Src/stm32l4xx_hal.c.obj
                0x20000008                uwTickFreq
 *(.RamFunc)
 *(.RamFunc*)
                0x20000010                        . = ALIGN (0x8)
 *fill*         0x20000009        0x7 
                0x20000010                        _edata = .

.tm_clone_table
                0x20000010        0x0 load address 0x08001b18
 .tm_clone_table
                0x20000010        0x0 /usr/lib/gcc/arm-none-eabi/13.2.1/thumb/v7e-m+fp/hard/crtbegin.o
 .tm_clone_table
                0x20000010        0x0 /usr/lib/gcc/arm-none-eabi/13.2.1/thumb/v7e-m+fp/hard/crtend.o

.igot.plt       0x20000010        0x0 load address 0x08001b18
 .igot.plt      0x20000010        0x0 /usr/lib/gcc/arm-none-eabi/13.2.1/thumb/v7e-m+fp/hard/crtbegin.o
                0x20000010                        . = ALIGN (0x4)

.bss            0x20000010       0x84 load address 0x08001b18
                0x20000010                        _sbss = .
                0x20000010                        __bss_start__ = _sbss
 *(.bss)
 .bss           0x20000010       0x1c /usr/lib/gcc/arm-none-eabi/13.2.1/thumb/v7e-m+fp/hard/crtbegin.o
 *(.bss*)
 .bss.uwTick    0x2000002c        0x4 cmake/stm32cubemx/CMakeFiles/STM32_Drivers.dir/__/__/Drivers/STM32L4xx_HAL_Driver/Src/stm32l4xx_hal.c.obj
                0x2000002c                uwTick
 .bss.hspi1     0x20000030       0x64 CMakeFiles/SPI_W25Q16.dir/Core/Src/main.c.obj
                0x20000030                hspi1
 *(COMMON)
                0x20000094                        . = ALIGN (0x4)
                0x20000094                        _ebss = .
                0x20000094                        __bss_end__ = _ebss

._user_heap_stack
                0x20000094      0x604 load address 0x08001b18
                0x20000098                        . = ALIGN (0x8)
 *fill*         0x20000094        0x4 
                [!provide]                        PROVIDE (end = .)
                0x20000098                        PROVIDE (_end = .)
                0x20000298                        . = (. + _Min_Heap_Size)
 *fill*         0x20000098      0x200 
                0x20000698                        . = (. + _Min_Stack_Size)
 *fill*         0x20000298      0x400 
                0x20000698                        . = ALIGN (0x8)

/DISCARD/
 libc.a(*)
 libm.a(*)
 libgcc.a(*)
OUTPUT(SPI_W25Q16.elf elf32-littlearm)
LOAD linker stubs
LOAD /usr/lib/gcc/arm-none-eabi/13.2.1/../../../arm-none-eabi/lib/thumb/v7e-m+fp/hard/libc.a
LOAD /usr/lib/gcc/arm-none-eabi/13.2.1/../../../arm-none-eabi/lib/thumb/v7e-m+fp/hard/libm.a
LOAD /usr/lib/gcc/arm-none-eabi/13.2.1/thumb/v7e-m+fp/hard/libgcc.a

.ARM.attributes
                0x00000000       0x30
 .ARM.attributes
                0x00000000       0x22 /usr/lib/gcc/arm-none-eabi/13.2.1/thumb/v7e-m+fp/hard/crti.o
 .ARM.attributes
                0x00000022       0x34 /usr/lib/gcc/arm-none-eabi/13.2.1/thumb/v7e-m+fp/hard/crtbegin.o
 .ARM.attributes
                0x00000056       0x34 /usr/lib/gcc/arm-none-eabi/13.2.1/../../../arm-none-eabi/lib/thumb/v7e-m+fp/hard/libc_nano.a(libc_a-init.o)
 .ARM.attributes
                0x0000008a       0x34 /usr/lib/gcc/arm-none-eabi/13.2.1/../../../arm-none-eabi/lib/thumb/v7e-m+fp/hard/libc_nano.a(libc_a-memset.o)
 .ARM.attributes
                0x000000be       0x34 cmake/stm32cubemx/CMakeFiles/STM32_Drivers.dir/__/__/Core/Src/system_stm32l4xx.c.obj
 .ARM.attributes
                0x000000f2       0x34 cmake/stm32cubemx/CMakeFiles/STM32_Drivers.dir/__/__/Drivers/STM32L4xx_HAL_Driver/Src/stm32l4xx_hal_spi.c.obj
 .ARM.attributes
                0x00000126       0x34 cmake/stm32cubemx/CMakeFiles/STM32_Drivers.dir/__/__/Drivers/STM32L4xx_HAL_Driver/Src/stm32l4xx_hal.c.obj
 .ARM.attributes
                0x0000015a       0x34 cmake/stm32cubemx/CMakeFiles/STM32_Drivers.dir/__/__/Drivers/STM32L4xx_HAL_Driver/Src/stm32l4xx_hal_rcc.c.obj
 .ARM.attributes
                0x0000018e       0x34 cmake/stm32cubemx/CMakeFiles/STM32_Drivers.dir/__/__/Drivers/STM32L4xx_HAL_Driver/Src/stm32l4xx_hal_rcc_ex.c.obj
 .ARM.attributes
                0x000001c2       0x34 cmake/stm32cubemx/CMakeFiles/STM32_Drivers.dir/__/__/Drivers/STM32L4xx_HAL_Driver/Src/stm32l4xx_hal_gpio.c.obj
 .ARM.attributes
                0x000001f6       0x34 cmake/stm32cubemx/CMakeFiles/STM32_Drivers.dir/__/__/Drivers/STM32L4xx_HAL_Driver/Src/stm32l4xx_hal_pwr.c.obj
 .ARM.attributes
                0x0000022a       0x34 cmake/stm32cubemx/CMakeFiles/STM32_Drivers.dir/__/__/Drivers/STM32L4xx_HAL_Driver/Src/stm32l4xx_hal_pwr_ex.c.obj
 .ARM.attributes
                0x0000025e       0x34 cmake/stm32cubemx/CMakeFiles/STM32_Drivers.dir/__/__/Drivers/STM32L4xx_HAL_Driver/Src/stm32l4xx_hal_cortex.c.obj
 .ARM.attributes
                0x00000292       0x34 CMakeFiles/SPI_W25Q16.dir/Core/Src/main.c.obj
 .ARM.attributes
                0x000002c6       0x34 CMakeFiles/SPI_W25Q16.dir/Core/Src/stm32l4xx_it.c.obj
 .ARM.attributes
                0x000002fa       0x34 CMakeFiles/SPI_W25Q16.dir/Core/Src/stm32l4xx_hal_msp.c.obj
 .ARM.attributes
                0x0000032e       0x21 CMakeFiles/SPI_W25Q16.dir/startup_stm32l476xx.s.obj
 .ARM.attributes
                0x0000034f       0x34 /usr/lib/gcc/arm-none-eabi/13.2.1/thumb/v7e-m+fp/hard/crtend.o
 .ARM.attributes
                0x00000383       0x22 /usr/lib/gcc/arm-none-eabi/13.2.1/thumb/v7e-m+fp/hard/crtn.o

.comment        0x00000000       0x26
 .comment       0x00000000       0x26 /usr/lib/gcc/arm-none-eabi/13.2.1/thumb/v7e-m+fp/hard/crtbegin.o
                                 0x27 (size before relaxing)
 .comment       0x00000026       0x27 /usr/lib/gcc/arm-none-eabi/13.2.1/../../../arm-none-eabi/lib/thumb/v7e-m+fp/hard/libc_nano.a(libc_a-init.o)
 .comment       0x00000026       0x27 /usr/lib/gcc/arm-none-eabi/13.2.1/../../../arm-none-eabi/lib/thumb/v7e-m+fp/hard/libc_nano.a(libc_a-memset.o)
 .comment       0x00000026       0x27 cmake/stm32cubemx/CMakeFiles/STM32_Drivers.dir/__/__/Core/Src/system_stm32l4xx.c.obj
 .comment       0x00000026       0x27 cmake/stm32cubemx/CMakeFiles/STM32_Drivers.dir/__/__/Drivers/STM32L4xx_HAL_Driver/Src/stm32l4xx_hal_spi.c.obj
 .comment       0x00000026       0x27 cmake/stm32cubemx/CMakeFiles/STM32_Drivers.dir/__/__/Drivers/STM32L4xx_HAL_Driver/Src/stm32l4xx_hal.c.obj
 .comment       0x00000026       0x27 cmake/stm32cubemx/CMakeFiles/STM32_Drivers.dir/__/__/Drivers/STM32L4xx_HAL_Driver/Src/stm32l4xx_hal_rcc.c.obj
 .comment       0x00000026       0x27 cmake/stm32cubemx/CMakeFiles/STM32_Drivers.dir/__/__/Drivers/STM32L4xx_HAL_Driver/Src/stm32l4xx_hal_rcc_ex.c.obj
 .comment       0x00000026       0x27 cmake/stm32cubemx/CMakeFiles/STM32_Drivers.dir/__/__/Drivers/STM32L4xx_HAL_Driver/Src/stm32l4xx_hal_gpio.c.obj
 .comment       0x00000026       0x27 cmake/stm32cubemx/CMakeFiles/STM32_Drivers.dir/__/__/Drivers/STM32L4xx_HAL_Driver/Src/stm32l4xx_hal_pwr.c.obj
 .comment       0x00000026       0x27 cmake/stm32cubemx/CMakeFiles/STM32_Drivers.dir/__/__/Drivers/STM32L4xx_HAL_Driver/Src/stm32l4xx_hal_pwr_ex.c.obj
 .comment       0x00000026       0x27 cmake/stm32cubemx/CMakeFiles/STM32_Drivers.dir/__/__/Drivers/STM32L4xx_HAL_Driver/Src/stm32l4xx_hal_cortex.c.obj
 .comment       0x00000026       0x27 CMakeFiles/SPI_W25Q16.dir/Core/Src/main.c.obj
 .comment       0x00000026       0x27 CMakeFiles/SPI_W25Q16.dir/Core/Src/stm32l4xx_it.c.obj
 .comment       0x00000026       0x27 CMakeFiles/SPI_W25Q16.dir/Core/Src/stm32l4xx_hal_msp.c.obj
 .comment       0x00000026       0x27 /usr/lib/gcc/arm-none-eabi/13.2.1/thumb/v7e-m+fp/hard/crtend.o

.debug_info     0x00000000     0x7f1c
 .debug_info    0x00000000      0x10b /usr/lib/gcc/arm-none-eabi/13.2.1/../../../arm-none-eabi/lib/thumb/v7e-m+fp/hard/libc_nano.a(libc_a-init.o)
 .debug_info    0x0000010b      0x135 /usr/lib/gcc/arm-none-eabi/13.2.1/../../../arm-none-eabi/lib/thumb/v7e-m+fp/hard/libc_nano.a(libc_a-memset.o)
 .debug_info    0x00000240      0x597 cmake/stm32cubemx/CMakeFiles/STM32_Drivers.dir/__/__/Core/Src/system_stm32l4xx.c.obj
 .debug_info    0x000007d7     0x1525 cmake/stm32cubemx/CMakeFiles/STM32_Drivers.dir/__/__/Drivers/STM32L4xx_HAL_Driver/Src/stm32l4xx_hal_spi.c.obj
 .debug_info    0x00001cfc      0xadf cmake/stm32cubemx/CMakeFiles/STM32_Drivers.dir/__/__/Drivers/STM32L4xx_HAL_Driver/Src/stm32l4xx_hal.c.obj
 .debug_info    0x000027db      0xbf0 cmake/stm32cubemx/CMakeFiles/STM32_Drivers.dir/__/__/Drivers/STM32L4xx_HAL_Driver/Src/stm32l4xx_hal_rcc.c.obj
 .debug_info    0x000033cb      0xdf9 cmake/stm32cubemx/CMakeFiles/STM32_Drivers.dir/__/__/Drivers/STM32L4xx_HAL_Driver/Src/stm32l4xx_hal_rcc_ex.c.obj
 .debug_info    0x000041c4      0x73f cmake/stm32cubemx/CMakeFiles/STM32_Drivers.dir/__/__/Drivers/STM32L4xx_HAL_Driver/Src/stm32l4xx_hal_gpio.c.obj
 .debug_info    0x00004903      0x906 cmake/stm32cubemx/CMakeFiles/STM32_Drivers.dir/__/__/Drivers/STM32L4xx_HAL_Driver/Src/stm32l4xx_hal_pwr.c.obj
 .debug_info    0x00005209      0x986 cmake/stm32cubemx/CMakeFiles/STM32_Drivers.dir/__/__/Drivers/STM32L4xx_HAL_Driver/Src/stm32l4xx_hal_pwr_ex.c.obj
 .debug_info    0x00005b8f      0xd5d cmake/stm32cubemx/CMakeFiles/STM32_Drivers.dir/__/__/Drivers/STM32L4xx_HAL_Driver/Src/stm32l4xx_hal_cortex.c.obj
 .debug_info    0x000068ec      0xbc0 CMakeFiles/SPI_W25Q16.dir/Core/Src/main.c.obj
 .debug_info    0x000074ac      0x113 CMakeFiles/SPI_W25Q16.dir/Core/Src/stm32l4xx_it.c.obj
 .debug_info    0x000075bf      0x92d CMakeFiles/SPI_W25Q16.dir/Core/Src/stm32l4xx_hal_msp.c.obj
 .debug_info    0x00007eec       0x30 CMakeFiles/SPI_W25Q16.dir/startup_stm32l476xx.s.obj

.debug_abbrev   0x00000000     0x1a01
 .debug_abbrev  0x00000000       0xc9 /usr/lib/gcc/arm-none-eabi/13.2.1/../../../arm-none-eabi/lib/thumb/v7e-m+fp/hard/libc_nano.a(libc_a-init.o)
 .debug_abbrev  0x000000c9       0xb7 /usr/lib/gcc/arm-none-eabi/13.2.1/../../../arm-none-eabi/lib/thumb/v7e-m+fp/hard/libc_nano.a(libc_a-memset.o)
 .debug_abbrev  0x00000180      0x11b cmake/stm32cubemx/CMakeFiles/STM32_Drivers.dir/__/__/Core/Src/system_stm32l4xx.c.obj
 .debug_abbrev  0x0000029b      0x260 cmake/stm32cubemx/CMakeFiles/STM32_Drivers.dir/__/__/Drivers/STM32L4xx_HAL_Driver/Src/stm32l4xx_hal_spi.c.obj
 .debug_abbrev  0x000004fb      0x242 cmake/stm32cubemx/CMakeFiles/STM32_Drivers.dir/__/__/Drivers/STM32L4xx_HAL_Driver/Src/stm32l4xx_hal.c.obj
 .debug_abbrev  0x0000073d      0x2cb cmake/stm32cubemx/CMakeFiles/STM32_Drivers.dir/__/__/Drivers/STM32L4xx_HAL_Driver/Src/stm32l4xx_hal_rcc.c.obj
 .debug_abbrev  0x00000a08      0x2a6 cmake/stm32cubemx/CMakeFiles/STM32_Drivers.dir/__/__/Drivers/STM32L4xx_HAL_Driver/Src/stm32l4xx_hal_rcc_ex.c.obj
 .debug_abbrev  0x00000cae      0x1cb cmake/stm32cubemx/CMakeFiles/STM32_Drivers.dir/__/__/Drivers/STM32L4xx_HAL_Driver/Src/stm32l4xx_hal_gpio.c.obj
 .debug_abbrev  0x00000e79      0x1d4 cmake/stm32cubemx/CMakeFiles/STM32_Drivers.dir/__/__/Drivers/STM32L4xx_HAL_Driver/Src/stm32l4xx_hal_pwr.c.obj
 .debug_abbrev  0x0000104d      0x1f9 cmake/stm32cubemx/CMakeFiles/STM32_Drivers.dir/__/__/Drivers/STM32L4xx_HAL_Driver/Src/stm32l4xx_hal_pwr_ex.c.obj
 .debug_abbrev  0x00001246      0x31c cmake/stm32cubemx/CMakeFiles/STM32_Drivers.dir/__/__/Drivers/STM32L4xx_HAL_Driver/Src/stm32l4xx_hal_cortex.c.obj
 .debug_abbrev  0x00001562      0x25a CMakeFiles/SPI_W25Q16.dir/Core/Src/main.c.obj
 .debug_abbrev  0x000017bc       0x73 CMakeFiles/SPI_W25Q16.dir/Core/Src/stm32l4xx_it.c.obj
 .debug_abbrev  0x0000182f      0x1ae CMakeFiles/SPI_W25Q16.dir/Core/Src/stm32l4xx_hal_msp.c.obj
 .debug_abbrev  0x000019dd       0x24 CMakeFiles/SPI_W25Q16.dir/startup_stm32l476xx.s.obj

.debug_loclists
                0x00000000      0x227
 .debug_loclists
                0x00000000       0x65 /usr/lib/gcc/arm-none-eabi/13.2.1/../../../arm-none-eabi/lib/thumb/v7e-m+fp/hard/libc_nano.a(libc_a-init.o)
 .debug_loclists
                0x00000065      0x1c2 /usr/lib/gcc/arm-none-eabi/13.2.1/../../../arm-none-eabi/lib/thumb/v7e-m+fp/hard/libc_nano.a(libc_a-memset.o)

.debug_aranges  0x00000000      0x930
 .debug_aranges
                0x00000000       0x20 /usr/lib/gcc/arm-none-eabi/13.2.1/../../../arm-none-eabi/lib/thumb/v7e-m+fp/hard/libc_nano.a(libc_a-init.o)
 .debug_aranges
                0x00000020       0x20 /usr/lib/gcc/arm-none-eabi/13.2.1/../../../arm-none-eabi/lib/thumb/v7e-m+fp/hard/libc_nano.a(libc_a-memset.o)
 .debug_aranges
                0x00000040       0x28 cmake/stm32cubemx/CMakeFiles/STM32_Drivers.dir/__/__/Core/Src/system_stm32l4xx.c.obj
 .debug_aranges
                0x00000068      0x1d8 cmake/stm32cubemx/CMakeFiles/STM32_Drivers.dir/__/__/Drivers/STM32L4xx_HAL_Driver/Src/stm32l4xx_hal_spi.c.obj
 .debug_aranges
                0x00000240      0x130 cmake/stm32cubemx/CMakeFiles/STM32_Drivers.dir/__/__/Drivers/STM32L4xx_HAL_Driver/Src/stm32l4xx_hal.c.obj
 .debug_aranges
                0x00000370       0x90 cmake/stm32cubemx/CMakeFiles/STM32_Drivers.dir/__/__/Drivers/STM32L4xx_HAL_Driver/Src/stm32l4xx_hal_rcc.c.obj
 .debug_aranges
                0x00000400       0xc0 cmake/stm32cubemx/CMakeFiles/STM32_Drivers.dir/__/__/Drivers/STM32L4xx_HAL_Driver/Src/stm32l4xx_hal_rcc_ex.c.obj
 .debug_aranges
                0x000004c0       0x58 cmake/stm32cubemx/CMakeFiles/STM32_Drivers.dir/__/__/Drivers/STM32L4xx_HAL_Driver/Src/stm32l4xx_hal_gpio.c.obj
 .debug_aranges
                0x00000518       0x98 cmake/stm32cubemx/CMakeFiles/STM32_Drivers.dir/__/__/Drivers/STM32L4xx_HAL_Driver/Src/stm32l4xx_hal_pwr.c.obj
 .debug_aranges
                0x000005b0      0x160 cmake/stm32cubemx/CMakeFiles/STM32_Drivers.dir/__/__/Drivers/STM32L4xx_HAL_Driver/Src/stm32l4xx_hal_pwr_ex.c.obj
 .debug_aranges
                0x00000710      0x128 cmake/stm32cubemx/CMakeFiles/STM32_Drivers.dir/__/__/Drivers/STM32L4xx_HAL_Driver/Src/stm32l4xx_hal_cortex.c.obj
 .debug_aranges
                0x00000838       0x40 CMakeFiles/SPI_W25Q16.dir/Core/Src/main.c.obj
 .debug_aranges
                0x00000878       0x60 CMakeFiles/SPI_W25Q16.dir/Core/Src/stm32l4xx_it.c.obj
 .debug_aranges
                0x000008d8       0x30 CMakeFiles/SPI_W25Q16.dir/Core/Src/stm32l4xx_hal_msp.c.obj
 .debug_aranges
                0x00000908       0x28 CMakeFiles/SPI_W25Q16.dir/startup_stm32l476xx.s.obj

.debug_line     0x00000000     0x86b1
 .debug_line    0x00000000      0x11e /usr/lib/gcc/arm-none-eabi/13.2.1/../../../arm-none-eabi/lib/thumb/v7e-m+fp/hard/libc_nano.a(libc_a-init.o)
 .debug_line    0x0000011e      0x1b6 /usr/lib/gcc/arm-none-eabi/13.2.1/../../../arm-none-eabi/lib/thumb/v7e-m+fp/hard/libc_nano.a(libc_a-memset.o)
 .debug_line    0x000002d4      0x582 cmake/stm32cubemx/CMakeFiles/STM32_Drivers.dir/__/__/Core/Src/system_stm32l4xx.c.obj
 .debug_line    0x00000856     0x1dcd cmake/stm32cubemx/CMakeFiles/STM32_Drivers.dir/__/__/Drivers/STM32L4xx_HAL_Driver/Src/stm32l4xx_hal_spi.c.obj
 .debug_line    0x00002623      0x8ed cmake/stm32cubemx/CMakeFiles/STM32_Drivers.dir/__/__/Drivers/STM32L4xx_HAL_Driver/Src/stm32l4xx_hal.c.obj
 .debug_line    0x00002f10      0xe42 cmake/stm32cubemx/CMakeFiles/STM32_Drivers.dir/__/__/Drivers/STM32L4xx_HAL_Driver/Src/stm32l4xx_hal_rcc.c.obj
 .debug_line    0x00003d52     0x12ec cmake/stm32cubemx/CMakeFiles/STM32_Drivers.dir/__/__/Drivers/STM32L4xx_HAL_Driver/Src/stm32l4xx_hal_rcc_ex.c.obj
 .debug_line    0x0000503e      0x941 cmake/stm32cubemx/CMakeFiles/STM32_Drivers.dir/__/__/Drivers/STM32L4xx_HAL_Driver/Src/stm32l4xx_hal_gpio.c.obj
 .debug_line    0x0000597f      0x6b8 cmake/stm32cubemx/CMakeFiles/STM32_Drivers.dir/__/__/Drivers/STM32L4xx_HAL_Driver/Src/stm32l4xx_hal_pwr.c.obj
 .debug_line    0x00006037      0xacf cmake/stm32cubemx/CMakeFiles/STM32_Drivers.dir/__/__/Drivers/STM32L4xx_HAL_Driver/Src/stm32l4xx_hal_pwr_ex.c.obj
 .debug_line    0x00006b06      0xa88 cmake/stm32cubemx/CMakeFiles/STM32_Drivers.dir/__/__/Drivers/STM32L4xx_HAL_Driver/Src/stm32l4xx_hal_cortex.c.obj
 .debug_line    0x0000758e      0x5df CMakeFiles/SPI_W25Q16.dir/Core/Src/main.c.obj
 .debug_line    0x00007b6d      0x596 CMakeFiles/SPI_W25Q16.dir/Core/Src/stm32l4xx_it.c.obj
 .debug_line    0x00008103      0x534 CMakeFiles/SPI_W25Q16.dir/Core/Src/stm32l4xx_hal_msp.c.obj
 .debug_line    0x00008637       0x7a CMakeFiles/SPI_W25Q16.dir/startup_stm32l476xx.s.obj

.debug_str      0x00000000    0xe0f37
 .debug_str     0x00000000    0xe0f37 /usr/lib/gcc/arm-none-eabi/13.2.1/../../../arm-none-eabi/lib/thumb/v7e-m+fp/hard/libc_nano.a(libc_a-init.o)
                                0x1fa (size before relaxing)
 .debug_str     0x000e0f37      0x1ad /usr/lib/gcc/arm-none-eabi/13.2.1/../../../arm-none-eabi/lib/thumb/v7e-m+fp/hard/libc_nano.a(libc_a-memset.o)
 .debug_str     0x000e0f37    0xddf7b cmake/stm32cubemx/CMakeFiles/STM32_Drivers.dir/__/__/Core/Src/system_stm32l4xx.c.obj
 .debug_str     0x000e0f37    0xde78b cmake/stm32cubemx/CMakeFiles/STM32_Drivers.dir/__/__/Drivers/STM32L4xx_HAL_Driver/Src/stm32l4xx_hal_spi.c.obj
 .debug_str     0x000e0f37    0xdeb18 cmake/stm32cubemx/CMakeFiles/STM32_Drivers.dir/__/__/Drivers/STM32L4xx_HAL_Driver/Src/stm32l4xx_hal.c.obj
 .debug_str     0x000e0f37    0xde5b6 cmake/stm32cubemx/CMakeFiles/STM32_Drivers.dir/__/__/Drivers/STM32L4xx_HAL_Driver/Src/stm32l4xx_hal_rcc.c.obj
 .debug_str     0x000e0f37    0xde739 cmake/stm32cubemx/CMakeFiles/STM32_Drivers.dir/__/__/Drivers/STM32L4xx_HAL_Driver/Src/stm32l4xx_hal_rcc_ex.c.obj
 .debug_str     0x000e0f37    0xde0f3 cmake/stm32cubemx/CMakeFiles/STM32_Drivers.dir/__/__/Drivers/STM32L4xx_HAL_Driver/Src/stm32l4xx_hal_gpio.c.obj
 .debug_str     0x000e0f37    0xde2e6 cmake/stm32cubemx/CMakeFiles/STM32_Drivers.dir/__/__/Drivers/STM32L4xx_HAL_Driver/Src/stm32l4xx_hal_pwr.c.obj
 .debug_str     0x000e0f37    0xde4d6 cmake/stm32cubemx/CMakeFiles/STM32_Drivers.dir/__/__/Drivers/STM32L4xx_HAL_Driver/Src/stm32l4xx_hal_pwr_ex.c.obj
 .debug_str     0x000e0f37    0xde7ea cmake/stm32cubemx/CMakeFiles/STM32_Drivers.dir/__/__/Drivers/STM32L4xx_HAL_Driver/Src/stm32l4xx_hal_cortex.c.obj
 .debug_str     0x000e0f37    0xde5c9 CMakeFiles/SPI_W25Q16.dir/Core/Src/main.c.obj
 .debug_str     0x000e0f37    0xdde31 CMakeFiles/SPI_W25Q16.dir/Core/Src/stm32l4xx_it.c.obj
 .debug_str     0x000e0f37    0xde378 CMakeFiles/SPI_W25Q16.dir/Core/Src/stm32l4xx_hal_msp.c.obj
 .debug_str     0x000e0f37       0xb0 CMakeFiles/SPI_W25Q16.dir/startup_stm32l476xx.s.obj

.debug_frame    0x00000000     0x22d4
 .debug_frame   0x00000000       0x2c /usr/lib/gcc/arm-none-eabi/13.2.1/../../../arm-none-eabi/lib/thumb/v7e-m+fp/hard/libc_nano.a(libc_a-init.o)
 .debug_frame   0x0000002c       0x2c /usr/lib/gcc/arm-none-eabi/13.2.1/../../../arm-none-eabi/lib/thumb/v7e-m+fp/hard/libc_nano.a(libc_a-memset.o)
 .debug_frame   0x00000058       0x58 cmake/stm32cubemx/CMakeFiles/STM32_Drivers.dir/__/__/Core/Src/system_stm32l4xx.c.obj
 .debug_frame   0x000000b0      0x860 cmake/stm32cubemx/CMakeFiles/STM32_Drivers.dir/__/__/Drivers/STM32L4xx_HAL_Driver/Src/stm32l4xx_hal_spi.c.obj
 .debug_frame   0x00000910      0x498 cmake/stm32cubemx/CMakeFiles/STM32_Drivers.dir/__/__/Drivers/STM32L4xx_HAL_Driver/Src/stm32l4xx_hal.c.obj
 .debug_frame   0x00000da8      0x21c cmake/stm32cubemx/CMakeFiles/STM32_Drivers.dir/__/__/Drivers/STM32L4xx_HAL_Driver/Src/stm32l4xx_hal_rcc.c.obj
 .debug_frame   0x00000fc4      0x2fc cmake/stm32cubemx/CMakeFiles/STM32_Drivers.dir/__/__/Drivers/STM32L4xx_HAL_Driver/Src/stm32l4xx_hal_rcc_ex.c.obj
 .debug_frame   0x000012c0      0x14c cmake/stm32cubemx/CMakeFiles/STM32_Drivers.dir/__/__/Drivers/STM32L4xx_HAL_Driver/Src/stm32l4xx_hal_gpio.c.obj
 .debug_frame   0x0000140c      0x230 cmake/stm32cubemx/CMakeFiles/STM32_Drivers.dir/__/__/Drivers/STM32L4xx_HAL_Driver/Src/stm32l4xx_hal_pwr.c.obj
 .debug_frame   0x0000163c      0x584 cmake/stm32cubemx/CMakeFiles/STM32_Drivers.dir/__/__/Drivers/STM32L4xx_HAL_Driver/Src/stm32l4xx_hal_pwr_ex.c.obj
 .debug_frame   0x00001bc0      0x4e8 cmake/stm32cubemx/CMakeFiles/STM32_Drivers.dir/__/__/Drivers/STM32L4xx_HAL_Driver/Src/stm32l4xx_hal_cortex.c.obj
 .debug_frame   0x000020a8       0xa8 CMakeFiles/SPI_W25Q16.dir/Core/Src/main.c.obj
 .debug_frame   0x00002150      0x104 CMakeFiles/SPI_W25Q16.dir/Core/Src/stm32l4xx_it.c.obj
 .debug_frame   0x00002254       0x80 CMakeFiles/SPI_W25Q16.dir/Core/Src/stm32l4xx_hal_msp.c.obj

.debug_rnglists
                0x00000000      0x6ac
 .debug_rnglists
                0x00000000       0x1a cmake/stm32cubemx/CMakeFiles/STM32_Drivers.dir/__/__/Core/Src/system_stm32l4xx.c.obj
 .debug_rnglists
                0x0000001a      0x178 cmake/stm32cubemx/CMakeFiles/STM32_Drivers.dir/__/__/Drivers/STM32L4xx_HAL_Driver/Src/stm32l4xx_hal_spi.c.obj
 .debug_rnglists
                0x00000192       0xdf cmake/stm32cubemx/CMakeFiles/STM32_Drivers.dir/__/__/Drivers/STM32L4xx_HAL_Driver/Src/stm32l4xx_hal.c.obj
 .debug_rnglists
                0x00000271       0x6d cmake/stm32cubemx/CMakeFiles/STM32_Drivers.dir/__/__/Drivers/STM32L4xx_HAL_Driver/Src/stm32l4xx_hal_rcc.c.obj
 .debug_rnglists
                0x000002de       0x95 cmake/stm32cubemx/CMakeFiles/STM32_Drivers.dir/__/__/Drivers/STM32L4xx_HAL_Driver/Src/stm32l4xx_hal_rcc_ex.c.obj
 .debug_rnglists
                0x00000373       0x3f cmake/stm32cubemx/CMakeFiles/STM32_Drivers.dir/__/__/Drivers/STM32L4xx_HAL_Driver/Src/stm32l4xx_hal_gpio.c.obj
 .debug_rnglists
                0x000003b2       0x6e cmake/stm32cubemx/CMakeFiles/STM32_Drivers.dir/__/__/Drivers/STM32L4xx_HAL_Driver/Src/stm32l4xx_hal_pwr.c.obj
 .debug_rnglists
                0x00000420      0x109 cmake/stm32cubemx/CMakeFiles/STM32_Drivers.dir/__/__/Drivers/STM32L4xx_HAL_Driver/Src/stm32l4xx_hal_pwr_ex.c.obj
 .debug_rnglists
                0x00000529       0xda cmake/stm32cubemx/CMakeFiles/STM32_Drivers.dir/__/__/Drivers/STM32L4xx_HAL_Driver/Src/stm32l4xx_hal_cortex.c.obj
 .debug_rnglists
                0x00000603       0x2d CMakeFiles/SPI_W25Q16.dir/Core/Src/main.c.obj
 .debug_rnglists
                0x00000630       0x43 CMakeFiles/SPI_W25Q16.dir/Core/Src/stm32l4xx_it.c.obj
 .debug_rnglists
                0x00000673       0x20 CMakeFiles/SPI_W25Q16.dir/Core/Src/stm32l4xx_hal_msp.c.obj
 .debug_rnglists
                0x00000693       0x19 CMakeFiles/SPI_W25Q16.dir/startup_stm32l476xx.s.obj

.debug_macro    0x00000000    0x2465d
 .debug_macro   0x00000000      0x164 cmake/stm32cubemx/CMakeFiles/STM32_Drivers.dir/__/__/Core/Src/system_stm32l4xx.c.obj
 .debug_macro   0x00000164      0xad8 cmake/stm32cubemx/CMakeFiles/STM32_Drivers.dir/__/__/Core/Src/system_stm32l4xx.c.obj
 .debug_macro   0x00000c3c       0x2e cmake/stm32cubemx/CMakeFiles/STM32_Drivers.dir/__/__/Core/Src/system_stm32l4xx.c.obj
 .debug_macro   0x00000c6a       0x28 cmake/stm32cubemx/CMakeFiles/STM32_Drivers.dir/__/__/Core/Src/system_stm32l4xx.c.obj
 .debug_macro   0x00000c92      0x34e cmake/stm32cubemx/CMakeFiles/STM32_Drivers.dir/__/__/Core/Src/system_stm32l4xx.c.obj
 .debug_macro   0x00000fe0       0x1c cmake/stm32cubemx/CMakeFiles/STM32_Drivers.dir/__/__/Core/Src/system_stm32l4xx.c.obj
 .debug_macro   0x00000ffc       0x22 cmake/stm32cubemx/CMakeFiles/STM32_Drivers.dir/__/__/Core/Src/system_stm32l4xx.c.obj
 .debug_macro   0x0000101e       0xfb cmake/stm32cubemx/CMakeFiles/STM32_Drivers.dir/__/__/Core/Src/system_stm32l4xx.c.obj
 .debug_macro   0x00001119     0x1011 cmake/stm32cubemx/CMakeFiles/STM32_Drivers.dir/__/__/Core/Src/system_stm32l4xx.c.obj
 .debug_macro   0x0000212a      0x11f cmake/stm32cubemx/CMakeFiles/STM32_Drivers.dir/__/__/Core/Src/system_stm32l4xx.c.obj
 .debug_macro   0x00002249    0x1a17a cmake/stm32cubemx/CMakeFiles/STM32_Drivers.dir/__/__/Core/Src/system_stm32l4xx.c.obj
 .debug_macro   0x0001c3c3       0x6d cmake/stm32cubemx/CMakeFiles/STM32_Drivers.dir/__/__/Core/Src/system_stm32l4xx.c.obj
 .debug_macro   0x0001c430      0x1a1 cmake/stm32cubemx/CMakeFiles/STM32_Drivers.dir/__/__/Core/Src/system_stm32l4xx.c.obj
 .debug_macro   0x0001c5d1     0x38fb cmake/stm32cubemx/CMakeFiles/STM32_Drivers.dir/__/__/Core/Src/system_stm32l4xx.c.obj
 .debug_macro   0x0001fecc      0x190 cmake/stm32cubemx/CMakeFiles/STM32_Drivers.dir/__/__/Core/Src/system_stm32l4xx.c.obj
 .debug_macro   0x0002005c       0x5c cmake/stm32cubemx/CMakeFiles/STM32_Drivers.dir/__/__/Core/Src/system_stm32l4xx.c.obj
 .debug_macro   0x000200b8     0x159e cmake/stm32cubemx/CMakeFiles/STM32_Drivers.dir/__/__/Core/Src/system_stm32l4xx.c.obj
 .debug_macro   0x00021656      0x5a5 cmake/stm32cubemx/CMakeFiles/STM32_Drivers.dir/__/__/Core/Src/system_stm32l4xx.c.obj
 .debug_macro   0x00021bfb      0x1b9 cmake/stm32cubemx/CMakeFiles/STM32_Drivers.dir/__/__/Core/Src/system_stm32l4xx.c.obj
 .debug_macro   0x00021db4      0x18b cmake/stm32cubemx/CMakeFiles/STM32_Drivers.dir/__/__/Core/Src/system_stm32l4xx.c.obj
 .debug_macro   0x00021f3f      0x26b cmake/stm32cubemx/CMakeFiles/STM32_Drivers.dir/__/__/Core/Src/system_stm32l4xx.c.obj
 .debug_macro   0x000221aa      0x23d cmake/stm32cubemx/CMakeFiles/STM32_Drivers.dir/__/__/Core/Src/system_stm32l4xx.c.obj
 .debug_macro   0x000223e7      0x241 cmake/stm32cubemx/CMakeFiles/STM32_Drivers.dir/__/__/Core/Src/system_stm32l4xx.c.obj
 .debug_macro   0x00022628      0x37c cmake/stm32cubemx/CMakeFiles/STM32_Drivers.dir/__/__/Core/Src/system_stm32l4xx.c.obj
 .debug_macro   0x000229a4       0xd6 cmake/stm32cubemx/CMakeFiles/STM32_Drivers.dir/__/__/Core/Src/system_stm32l4xx.c.obj
 .debug_macro   0x00022a7a      0x122 cmake/stm32cubemx/CMakeFiles/STM32_Drivers.dir/__/__/Core/Src/system_stm32l4xx.c.obj
 .debug_macro   0x00022b9c      0x3ef cmake/stm32cubemx/CMakeFiles/STM32_Drivers.dir/__/__/Core/Src/system_stm32l4xx.c.obj
 .debug_macro   0x00022f8b      0x2fe cmake/stm32cubemx/CMakeFiles/STM32_Drivers.dir/__/__/Core/Src/system_stm32l4xx.c.obj
 .debug_macro   0x00023289      0x330 cmake/stm32cubemx/CMakeFiles/STM32_Drivers.dir/__/__/Core/Src/system_stm32l4xx.c.obj
 .debug_macro   0x000235b9      0x16c cmake/stm32cubemx/CMakeFiles/STM32_Drivers.dir/__/__/Drivers/STM32L4xx_HAL_Driver/Src/stm32l4xx_hal_spi.c.obj
 .debug_macro   0x00023725      0x1b2 cmake/stm32cubemx/CMakeFiles/STM32_Drivers.dir/__/__/Drivers/STM32L4xx_HAL_Driver/Src/stm32l4xx_hal.c.obj
 .debug_macro   0x000238d7      0x1a6 cmake/stm32cubemx/CMakeFiles/STM32_Drivers.dir/__/__/Drivers/STM32L4xx_HAL_Driver/Src/stm32l4xx_hal_rcc.c.obj
 .debug_macro   0x00023a7d      0x19a cmake/stm32cubemx/CMakeFiles/STM32_Drivers.dir/__/__/Drivers/STM32L4xx_HAL_Driver/Src/stm32l4xx_hal_rcc_ex.c.obj
 .debug_macro   0x00023c17      0x16b cmake/stm32cubemx/CMakeFiles/STM32_Drivers.dir/__/__/Drivers/STM32L4xx_HAL_Driver/Src/stm32l4xx_hal_gpio.c.obj
 .debug_macro   0x00023d82      0x17c cmake/stm32cubemx/CMakeFiles/STM32_Drivers.dir/__/__/Drivers/STM32L4xx_HAL_Driver/Src/stm32l4xx_hal_pwr.c.obj
 .debug_macro   0x00023efe      0x188 cmake/stm32cubemx/CMakeFiles/STM32_Drivers.dir/__/__/Drivers/STM32L4xx_HAL_Driver/Src/stm32l4xx_hal_pwr_ex.c.obj
 .debug_macro   0x00024086      0x164 cmake/stm32cubemx/CMakeFiles/STM32_Drivers.dir/__/__/Drivers/STM32L4xx_HAL_Driver/Src/stm32l4xx_hal_cortex.c.obj
 .debug_macro   0x000241ea      0x173 CMakeFiles/SPI_W25Q16.dir/Core/Src/main.c.obj
 .debug_macro   0x0002435d       0x10 CMakeFiles/SPI_W25Q16.dir/Core/Src/main.c.obj
 .debug_macro   0x0002436d      0x17d CMakeFiles/SPI_W25Q16.dir/Core/Src/stm32l4xx_it.c.obj
 .debug_macro   0x000244ea      0x173 CMakeFiles/SPI_W25Q16.dir/Core/Src/stm32l4xx_hal_msp.c.obj

.debug_line_str
                0x00000000       0x96
 .debug_line_str
                0x00000000       0x96 CMakeFiles/SPI_W25Q16.dir/startup_stm32l476xx.s.obj
